Archive member included to satisfy reference by file (symbol)

/home/avees/optee_os/out/arm/export-ta_arm64/lib/libutils.a(stack_check.o)
                              ./hello_world_ta.o (__stack_chk_guard)
/home/avees/optee_os/out/arm/export-ta_arm64/lib/libutils.a(trace.o)
                              ./hello_world_ta.o (trace_printf)
/home/avees/optee_os/out/arm/export-ta_arm64/lib/libutils.a(snprintk.o)
                              /home/avees/optee_os/out/arm/export-ta_arm64/lib/libutils.a(trace.o) (snprintk)
/home/avees/optee_os/out/arm/export-ta_arm64/lib/libutils.a(memchr.o)
                              /home/avees/optee_os/out/arm/export-ta_arm64/lib/libutils.a(snprintk.o) (memchr)
/home/avees/optee_os/out/arm/export-ta_arm64/lib/libutils.a(strlen.o)
                              /home/avees/optee_os/out/arm/export-ta_arm64/lib/libutils.a(snprintk.o) (strlen)
/home/avees/optee_os/out/arm/export-ta_arm64/lib/libutee.a(trace_ext.o)
                              /home/avees/optee_os/out/arm/export-ta_arm64/lib/libutils.a(trace.o) (trace_ext_puts)
/home/avees/optee_os/out/arm/export-ta_arm64/lib/libutee.a(tee_api_objects.o)
                              ./hello_world_ta.o (TEE_AllocateTransientObject)
/home/avees/optee_os/out/arm/export-ta_arm64/lib/libutee.a(tee_api_operations.o)
                              ./hello_world_ta.o (TEE_AllocateOperation)
/home/avees/optee_os/out/arm/export-ta_arm64/lib/libutee.a(tee_api_panic.o)
                              /home/avees/optee_os/out/arm/export-ta_arm64/lib/libutee.a(tee_api_objects.o) (TEE_Panic)
/home/avees/optee_os/out/arm/export-ta_arm64/lib/libutee.a(utee_syscalls_a64.o)
                              /home/avees/optee_os/out/arm/export-ta_arm64/lib/libutee.a(tee_api_panic.o) (_utee_panic)
/home/avees/optee_os/out/arm/export-ta_arm64/lib/libutee.a(user_ta_entry.o)
                              ./user_ta_header.o (__utee_entry)
/home/avees/optee_os/out/arm/export-ta_arm64/lib/libutee.a(abort.o)
                              /home/avees/optee_os/out/arm/export-ta_arm64/lib/libutee.a(user_ta_entry.o) (abort)
/home/avees/optee_os/out/arm/export-ta_arm64/lib/libutee.a(tee_api.o)
                              /home/avees/optee_os/out/arm/export-ta_arm64/lib/libutee.a(tee_api_panic.o) (TEE_CheckMemoryAccessRights)
/home/avees/optee_os/out/arm/export-ta_arm64/lib/libutee.a(tee_api_arith_mpi.o)
                              /home/avees/optee_os/out/arm/export-ta_arm64/lib/libutee.a(user_ta_entry.o) (_TEE_MathAPI_Init)
/home/avees/optee_os/out/arm/export-ta_arm64/lib/libutee.a(tee_api_property.o)
                              /home/avees/optee_os/out/arm/export-ta_arm64/lib/libutee.a(user_ta_entry.o) (TEE_GetPropertyAsU32)
/home/avees/optee_os/out/arm/export-ta_arm64/lib/libutee.a(tee_system_pta.o)
                              /home/avees/optee_os/out/arm/export-ta_arm64/lib/libutee.a(tee_api.o) (tee_map_zi)
/home/avees/optee_os/out/arm/export-ta_arm64/lib/libutee.a(tcb.o)
                              /home/avees/optee_os/out/arm/export-ta_arm64/lib/libutee.a(user_ta_entry.o) (__utee_tcb_init)
/home/avees/optee_os/out/arm/export-ta_arm64/lib/libutee.a(assert.o)
                              /home/avees/optee_os/out/arm/export-ta_arm64/lib/libutee.a(tcb.o) (_assert_log)
/home/avees/optee_os/out/arm/export-ta_arm64/lib/libutee.a(base64.o)
                              /home/avees/optee_os/out/arm/export-ta_arm64/lib/libutee.a(tee_api_property.o) (_base64_enc_len)
/home/avees/optee_os/out/arm/export-ta_arm64/lib/libmbedtls.a(bignum.o)
                              /home/avees/optee_os/out/arm/export-ta_arm64/lib/libutee.a(tee_api_arith_mpi.o) (mbedtls_mpi_mempool)
/home/avees/optee_os/out/arm/export-ta_arm64/lib/libmbedtls.a(constant_time.o)
                              /home/avees/optee_os/out/arm/export-ta_arm64/lib/libmbedtls.a(bignum.o) (mbedtls_ct_size_bool_eq)
/home/avees/optee_os/out/arm/export-ta_arm64/lib/libmbedtls.a(platform_util.o)
                              /home/avees/optee_os/out/arm/export-ta_arm64/lib/libmbedtls.a(bignum.o) (mbedtls_platform_zeroize)
/home/avees/optee_os/out/arm/export-ta_arm64/lib/libutils.a(bget_malloc.o)
                              /home/avees/optee_os/out/arm/export-ta_arm64/lib/libutee.a(user_ta_entry.o) (malloc)
/home/avees/optee_os/out/arm/export-ta_arm64/lib/libutils.a(snprintf.o)
                              /home/avees/optee_os/out/arm/export-ta_arm64/lib/libutee.a(tee_api_property.o) (snprintf)
/home/avees/optee_os/out/arm/export-ta_arm64/lib/libutils.a(memcpy.o)
                              /home/avees/optee_os/out/arm/export-ta_arm64/lib/libutee.a(tee_api_operations.o) (memcpy)
/home/avees/optee_os/out/arm/export-ta_arm64/lib/libutils.a(memmove.o)
                              /home/avees/optee_os/out/arm/export-ta_arm64/lib/libutee.a(tee_api.o) (memmove)
/home/avees/optee_os/out/arm/export-ta_arm64/lib/libutils.a(memset.o)
[...]
Memory Configuration

Name             Origin             Length             Attributes
*default*        0x0000000000000000 0xffffffffffffffff

Linker script and memory map


.ta_head        0x0000000000000000       0x20
 *(SORT_BY_ALIGNMENT(.ta_head))
 .ta_head       0x0000000000000000       0x20 ./user_ta_header.o
                0x0000000000000000                ta_head

.text           0x0000000000000020    0x1cf14
                0x0000000000000020                __text_start = .
 *(SORT_BY_ALIGNMENT(.text) SORT_BY_ALIGNMENT(.text.*))
 .text          0x0000000000000020      0x4e0 ./hello_world_ta.o
                0x0000000000000020                TA_CreateEntryPoint
                0x0000000000000054                TA_DestroyEntryPoint
                0x0000000000000088                TA_OpenSessionEntryPoint
                0x0000000000000104                TA_CloseSessionEntryPoint
                0x000000000000013c                verify_signature_with_public_key
                0x00000000000004a0                TA_InvokeCommandEntryPoint
 .text          0x0000000000000500       0x40 ./user_ta_header.o
                0x0000000000000500                __ta_entry
                0x0000000000000538                tahead_get_trace_level
 .text          0x0000000000000540        0x4 /home/avees/optee_os/out/arm/export-ta_arm64/lib/libutils.a(stack_check.o)
                0x0000000000000540                __stack_chk_fail
 .text          0x0000000000000544      0x5e8 /home/avees/optee_os/out/arm/export-ta_arm64/lib/libutils.a(trace.o)
                0x0000000000000544                trace_set_level
                0x0000000000000598                trace_get_level
                0x0000000000000698                trace_printf
                0x0000000000000788                trace_vprintf
                0x0000000000000b08                dhex_dump
 .text          0x0000000000000b2c     0x2018 /home/avees/optee_os/out/arm/export-ta_arm64/lib/libutils.a(snprintk.o)
                0x0000000000000b2c                snprintk
                0x0000000000000c20                vsnprintk
                0x0000000000000c84                __vsnprintf
                0x0000000000000d98                __vsprintf
 .text          0x0000000000002b44      0x1b8 /home/avees/optee_os/out/arm/export-ta_arm64/lib/libutils.a(memchr.o)
                0x0000000000002b44                memchr
 .text          0x0000000000002cfc       0xd4 /home/avees/optee_os/out/arm/export-ta_arm64/lib/libutils.a(strlen.o)
                0x0000000000002cfc                strlen
 .text          0x0000000000002dd0      0x214 /home/avees/optee_os/out/arm/export-ta_arm64/lib/libutee.a(trace_ext.o)
                0x0000000000002dd0                trace_ext_puts
                0x0000000000002dfc                trace_ext_get_thread_id
                0x0000000000002e04                printf
                0x0000000000002f30                puts
                0x0000000000002f68                putchar
 .text          0x0000000000002fe4     0x1b44 /home/avees/optee_os/out/arm/export-ta_arm64/lib/libutee.a(tee_api_objects.o)
                0x0000000000002fe4                __utee_from_attr
                0x00000000000031d4                TEE_GetObjectInfo
                0x000000000000325c                TEE_GetObjectInfo1
                0x00000000000032c4                TEE_RestrictObjectUsage
                0x0000000000003360                TEE_RestrictObjectUsage1
                0x00000000000033c8                TEE_GetObjectBufferAttribute
                0x000000000000350c                TEE_GetObjectValueAttribute
                0x0000000000003698                TEE_CloseObject
                0x00000000000036e0                TEE_AllocateTransientObject
                0x00000000000037b0                TEE_FreeTransientObject
                0x0000000000003868                TEE_ResetTransientObject
                0x0000000000003920                TEE_PopulateTransientObject
                0x0000000000003b90                TEE_InitRefAttribute
                0x0000000000003bfc                TEE_InitValueAttribute
                0x0000000000003c68                TEE_CopyObjectAttributes
                0x0000000000003d04                TEE_CopyObjectAttributes1
                0x0000000000003e38                TEE_GenerateKey
                0x000000000000405c                TEE_OpenPersistentObject
                0x0000000000004194                TEE_CreatePersistentObject
                0x00000000000042fc                TEE_CloseAndDeletePersistentObject
                0x0000000000004344                TEE_CloseAndDeletePersistentObject1
                0x00000000000043a4                TEE_RenamePersistentObject
                0x0000000000004440                TEE_AllocatePersistentObjectEnumerator
                0x00000000000044f4                TEE_FreePersistentObjectEnumerator
                0x000000000000453c                TEE_ResetPersistentObjectEnumerator
                0x0000000000004584                TEE_StartPersistentObjectEnumerator
                0x00000000000045fc                TEE_GetNextPersistentObject
                0x0000000000004740                TEE_ReadObjectData
                0x0000000000004840                TEE_WriteObjectData
                0x00000000000048ec                TEE_TruncateObjectData
                0x000000000000497c                TEE_SeekObjectData
 .text          0x0000000000004b28     0x5bec /home/avees/optee_os/out/arm/export-ta_arm64/lib/libutee.a(tee_api_operations.o)
                0x00000000000050d4                TEE_AllocateOperation
                0x00000000000063d8                TEE_FreeOperation
                0x0000000000006440                TEE_GetOperationInfo
                0x00000000000064c0                TEE_GetOperationInfoMultiple
                0x000000000000679c                TEE_ResetOperation
                0x0000000000006858                TEE_SetOperationKey
                0x0000000000006a78                TEE_SetOperationKey2
                0x0000000000006dec                TEE_CopyOperation
                0x000000000000707c                TEE_DigestUpdate
                0x0000000000007108                TEE_DigestDoFinal
                0x0000000000007254                TEE_CipherInit
                0x00000000000078f8                TEE_CipherUpdate
                0x0000000000007ba4                TEE_CipherDoFinal
                0x0000000000007fb8                TEE_MACInit
                0x0000000000008064                TEE_MACUpdate
                0x0000000000008130                TEE_MACComputeFinal
                0x00000000000082c8                TEE_MACCompareFinal
                0x000000000000845c                TEE_AEInit
                0x00000000000085d8                TEE_AEUpdateAAD
                0x0000000000008698                TEE_AEUpdate
                0x00000000000088fc                TEE_AEEncryptFinal
                0x0000000000008c40                TEE_AEDecryptFinal
                0x0000000000008f38                TEE_AsymmetricEncrypt
                0x000000000000924c                TEE_AsymmetricDecrypt
                0x0000000000009560                TEE_AsymmetricSignDigest
                0x0000000000009864                TEE_AsymmetricVerifyDigest
                0x0000000000009b4c                TEE_DeriveKey
                0x0000000000009e58                TEE_GenerateRandom
                0x0000000000009e9c                rand
                0x0000000000009efc                TEE_IsAlgorithmSupported
 .text          0x000000000000a714      0x284 /home/avees/optee_os/out/arm/export-ta_arm64/lib/libutee.a(tee_api_panic.o)
                0x000000000000a714                TEE_Panic
                0x000000000000a7bc                __utee_check_outbuf_annotation
                0x000000000000a824                __utee_check_instring_annotation
                0x000000000000a868                __utee_check_outstring_annotation
                0x000000000000a8d0                __utee_check_out_annotation
                0x000000000000a90c                __utee_check_attr_in_annotation
                0x000000000000a95c                __utee_check_inout_annotation
 .text._utee_panic
                0x000000000000a998        0xc /home/avees/optee_os/out/arm/export-ta_arm64/lib/libutee.a(utee_syscalls_a64.o)
                0x000000000000a998                _utee_panic
 .text._utee_return
                0x000000000000a9a4        0xc /home/avees/optee_os/out/arm/export-ta_arm64/lib/libutee.a(utee_syscalls_a64.o)
                0x000000000000a9a4                _utee_return
 .text._utee_log
                0x000000000000a9b0        0xc /home/avees/optee_os/out/arm/export-ta_arm64/lib/libutee.a(utee_syscalls_a64.o)
                0x000000000000a9b0                _utee_log
 .text.__utee_panic
                0x000000000000a9bc        0xc /home/avees/optee_os/out/arm/export-ta_arm64/lib/libutee.a(utee_syscalls_a64.o)
                0x000000000000a9bc                __utee_panic
 .text._utee_get_property
                0x000000000000a9c8        0xc /home/avees/optee_os/out/arm/export-ta_arm64/lib/libutee.a(utee_syscalls_a64.o)
                0x000000000000a9c8                _utee_get_property
 .text._utee_get_property_name_to_index
                0x000000000000a9d4        0xc /home/avees/optee_os/out/arm/export-ta_arm64/lib/libutee.a(utee_syscalls_a64.o)
                0x000000000000a9d4                _utee_get_property_name_to_index
 .text._utee_open_ta_session
                0x000000000000a9e0        0xc /home/avees/optee_os/out/arm/export-ta_arm64/lib/libutee.a(utee_syscalls_a64.o)
                0x000000000000a9e0                _utee_open_ta_session
 .text._utee_close_ta_session
                0x000000000000a9ec        0xc /home/avees/optee_os/out/arm/export-ta_arm64/lib/libutee.a(utee_syscalls_a64.o)
                0x000000000000a9ec                _utee_close_ta_session
 .text._utee_invoke_ta_command
                0x000000000000a9f8        0xc /home/avees/optee_os/out/arm/export-ta_arm64/lib/libutee.a(utee_syscalls_a64.o)
                0x000000000000a9f8                _utee_invoke_ta_command
 .text._utee_get_cancellation_flag
                0x000000000000aa04        0xc /home/avees/optee_os/out/arm/export-ta_arm64/lib/libutee.a(utee_syscalls_a64.o)
                0x000000000000aa04                _utee_get_cancellation_flag
 .text._utee_check_access_rights
                0x000000000000aa10        0xc /home/avees/optee_os/out/arm/export-ta_arm64/lib/libutee.a(utee_syscalls_a64.o)
                0x000000000000aa10                _utee_check_access_rights
 .text._utee_unmask_cancellation
                0x000000000000aa1c        0xc /home/avees/optee_os/out/arm/export-ta_arm64/lib/libutee.a(utee_syscalls_a64.o)
                0x000000000000aa1c                _utee_unmask_cancellation
 .text._utee_mask_cancellation
                0x000000000000aa28        0xc /home/avees/optee_os/out/arm/export-ta_arm64/lib/libutee.a(utee_syscalls_a64.o)
                0x000000000000aa28                _utee_mask_cancellation
 .text._utee_wait
                0x000000000000aa34        0xc /home/avees/optee_os/out/arm/export-ta_arm64/lib/libutee.a(utee_syscalls_a64.o)
                0x000000000000aa34                _utee_wait
 .text._utee_get_time
                0x000000000000aa40        0xc /home/avees/optee_os/out/arm/export-ta_arm64/lib/libutee.a(utee_syscalls_a64.o)
                0x000000000000aa40                _utee_get_time
 .text._utee_set_ta_time
                0x000000000000aa4c        0xc /home/avees/optee_os/out/arm/export-ta_arm64/lib/libutee.a(utee_syscalls_a64.o)
                0x000000000000aa4c                _utee_set_ta_time
 .text._utee_cryp_state_alloc
                0x000000000000aa58        0xc /home/avees/optee_os/out/arm/export-ta_arm64/lib/libutee.a(utee_syscalls_a64.o)
                0x000000000000aa58                _utee_cryp_state_alloc
 .text._utee_cryp_state_copy
                0x000000000000aa64        0xc /home/avees/optee_os/out/arm/export-ta_arm64/lib/libutee.a(utee_syscalls_a64.o)
                0x000000000000aa64                _utee_cryp_state_copy
 .text._utee_cryp_state_free
                0x000000000000aa70        0xc /home/avees/optee_os/out/arm/export-ta_arm64/lib/libutee.a(utee_syscalls_a64.o)
                0x000000000000aa70                _utee_cryp_state_free
 .text._utee_hash_init
                0x000000000000aa7c        0xc /home/avees/optee_os/out/arm/export-ta_arm64/lib/libutee.a(utee_syscalls_a64.o)
                0x000000000000aa7c                _utee_hash_init
 .text._utee_hash_update
                0x000000000000aa88        0xc /home/avees/optee_os/out/arm/export-ta_arm64/lib/libutee.a(utee_syscalls_a64.o)
                0x000000000000aa88                _utee_hash_update
 .text._utee_hash_final
                0x000000000000aa94        0xc /home/avees/optee_os/out/arm/export-ta_arm64/lib/libutee.a(utee_syscalls_a64.o)
                0x000000000000aa94                _utee_hash_final
 .text._utee_cipher_init
                0x000000000000aaa0        0xc /home/avees/optee_os/out/arm/export-ta_arm64/lib/libutee.a(utee_syscalls_a64.o)
                0x000000000000aaa0                _utee_cipher_init
 .text._utee_cipher_update
                0x000000000000aaac        0xc /home/avees/optee_os/out/arm/export-ta_arm64/lib/libutee.a(utee_syscalls_a64.o)
                0x000000000000aaac                _utee_cipher_update
 .text._utee_cipher_final
                0x000000000000aab8        0xc /home/avees/optee_os/out/arm/export-ta_arm64/lib/libutee.a(utee_syscalls_a64.o)
                0x000000000000aab8                _utee_cipher_final
 .text._utee_cryp_obj_get_info
                0x000000000000aac4        0xc /home/avees/optee_os/out/arm/export-ta_arm64/lib/libutee.a(utee_syscalls_a64.o)
                0x000000000000aac4                _utee_cryp_obj_get_info
 .text._utee_cryp_obj_restrict_usage
                0x000000000000aad0        0xc /home/avees/optee_os/out/arm/export-ta_arm64/lib/libutee.a(utee_syscalls_a64.o)
                0x000000000000aad0                _utee_cryp_obj_restrict_usage
 .text._utee_cryp_obj_get_attr
                0x000000000000aadc        0xc /home/avees/optee_os/out/arm/export-ta_arm64/lib/libutee.a(utee_syscalls_a64.o)
                0x000000000000aadc                _utee_cryp_obj_get_attr
 .text._utee_cryp_obj_alloc
                0x000000000000aae8        0xc /home/avees/optee_os/out/arm/export-ta_arm64/lib/libutee.a(utee_syscalls_a64.o)
                0x000000000000aae8                _utee_cryp_obj_alloc
 .text._utee_cryp_obj_close
                0x000000000000aaf4        0xc /home/avees/optee_os/out/arm/export-ta_arm64/lib/libutee.a(utee_syscalls_a64.o)
                0x000000000000aaf4                _utee_cryp_obj_close
 .text._utee_cryp_obj_reset
                0x000000000000ab00        0xc /home/avees/optee_os/out/arm/export-ta_arm64/lib/libutee.a(utee_syscalls_a64.o)
                0x000000000000ab00                _utee_cryp_obj_reset
 .text._utee_cryp_obj_populate
                0x000000000000ab0c        0xc /home/avees/optee_os/out/arm/export-ta_arm64/lib/libutee.a(utee_syscalls_a64.o)
                0x000000000000ab0c                _utee_cryp_obj_populate
 .text._utee_cryp_obj_copy
                0x000000000000ab18        0xc /home/avees/optee_os/out/arm/export-ta_arm64/lib/libutee.a(utee_syscalls_a64.o)
                0x000000000000ab18                _utee_cryp_obj_copy
 .text._utee_cryp_derive_key
                0x000000000000ab24        0xc /home/avees/optee_os/out/arm/export-ta_arm64/lib/libutee.a(utee_syscalls_a64.o)
                0x000000000000ab24                _utee_cryp_derive_key
 .text._utee_cryp_random_number_generate
                0x000000000000ab30        0xc /home/avees/optee_os/out/arm/export-ta_arm64/lib/libutee.a(utee_syscalls_a64.o)
                0x000000000000ab30                _utee_cryp_random_number_generate
 .text._utee_authenc_init
                0x000000000000ab3c        0xc /home/avees/optee_os/out/arm/export-ta_arm64/lib/libutee.a(utee_syscalls_a64.o)
                0x000000000000ab3c                _utee_authenc_init
 .text._utee_authenc_update_aad
                0x000000000000ab48        0xc /home/avees/optee_os/out/arm/export-ta_arm64/lib/libutee.a(utee_syscalls_a64.o)
                0x000000000000ab48                _utee_authenc_update_aad
 .text._utee_authenc_update_payload
                0x000000000000ab54        0xc /home/avees/optee_os/out/arm/export-ta_arm64/lib/libutee.a(utee_syscalls_a64.o)
                0x000000000000ab54                _utee_authenc_update_payload
 .text._utee_authenc_enc_final
                0x000000000000ab60        0xc /home/avees/optee_os/out/arm/export-ta_arm64/lib/libutee.a(utee_syscalls_a64.o)
                0x000000000000ab60                _utee_authenc_enc_final
 .text._utee_authenc_dec_final
                0x000000000000ab6c        0xc /home/avees/optee_os/out/arm/export-ta_arm64/lib/libutee.a(utee_syscalls_a64.o)
                0x000000000000ab6c                _utee_authenc_dec_final
 .text._utee_asymm_operate
                0x000000000000ab78        0xc /home/avees/optee_os/out/arm/export-ta_arm64/lib/libutee.a(utee_syscalls_a64.o)
                0x000000000000ab78                _utee_asymm_operate
 .text._utee_asymm_verify
                0x000000000000ab84        0xc /home/avees/optee_os/out/arm/export-ta_arm64/lib/libutee.a(utee_syscalls_a64.o)
                0x000000000000ab84                _utee_asymm_verify
 .text._utee_storage_obj_open
                0x000000000000ab90        0xc /home/avees/optee_os/out/arm/export-ta_arm64/lib/libutee.a(utee_syscalls_a64.o)
                0x000000000000ab90                _utee_storage_obj_open
 .text._utee_storage_obj_create
                0x000000000000ab9c        0xc /home/avees/optee_os/out/arm/export-ta_arm64/lib/libutee.a(utee_syscalls_a64.o)
                0x000000000000ab9c                _utee_storage_obj_create
 .text._utee_storage_obj_del
                0x000000000000aba8        0xc /home/avees/optee_os/out/arm/export-ta_arm64/lib/libutee.a(utee_syscalls_a64.o)
                0x000000000000aba8                _utee_storage_obj_del
 .text._utee_storage_obj_rename
                0x000000000000abb4        0xc /home/avees/optee_os/out/arm/export-ta_arm64/lib/libutee.a(utee_syscalls_a64.o)
                0x000000000000abb4                _utee_storage_obj_rename
 .text._utee_storage_alloc_enum
                0x000000000000abc0        0xc /home/avees/optee_os/out/arm/export-ta_arm64/lib/libutee.a(utee_syscalls_a64.o)
                0x000000000000abc0                _utee_storage_alloc_enum
 .text._utee_storage_free_enum
                0x000000000000abcc        0xc /home/avees/optee_os/out/arm/export-ta_arm64/lib/libutee.a(utee_syscalls_a64.o)
                0x000000000000abcc                _utee_storage_free_enum
 .text._utee_storage_reset_enum
                0x000000000000abd8        0xc /home/avees/optee_os/out/arm/export-ta_arm64/lib/libutee.a(utee_syscalls_a64.o)
                0x000000000000abd8                _utee_storage_reset_enum
 .text._utee_storage_start_enum
                0x000000000000abe4        0xc /home/avees/optee_os/out/arm/export-ta_arm64/lib/libutee.a(utee_syscalls_a64.o)
                0x000000000000abe4                _utee_storage_start_enum
 .text._utee_storage_next_enum
                0x000000000000abf0        0xc /home/avees/optee_os/out/arm/export-ta_arm64/lib/libutee.a(utee_syscalls_a64.o)
                0x000000000000abf0                _utee_storage_next_enum
 .text._utee_storage_obj_read
                0x000000000000abfc        0xc /home/avees/optee_os/out/arm/export-ta_arm64/lib/libutee.a(utee_syscalls_a64.o)
                0x000000000000abfc                _utee_storage_obj_read
 .text._utee_storage_obj_write
                0x000000000000ac08        0xc /home/avees/optee_os/out/arm/export-ta_arm64/lib/libutee.a(utee_syscalls_a64.o)
                0x000000000000ac08                _utee_storage_obj_write
 .text._utee_storage_obj_trunc
                0x000000000000ac14        0xc /home/avees/optee_os/out/arm/export-ta_arm64/lib/libutee.a(utee_syscalls_a64.o)
                0x000000000000ac14                _utee_storage_obj_trunc
 .text._utee_storage_obj_seek
                0x000000000000ac20        0xc /home/avees/optee_os/out/arm/export-ta_arm64/lib/libutee.a(utee_syscalls_a64.o)
                0x000000000000ac20                _utee_storage_obj_seek
 .text._utee_cryp_obj_generate_key
                0x000000000000ac2c        0xc /home/avees/optee_os/out/arm/export-ta_arm64/lib/libutee.a(utee_syscalls_a64.o)
                0x000000000000ac2c                _utee_cryp_obj_generate_key
 .text._utee_cache_operation
                0x000000000000ac38        0xc /home/avees/optee_os/out/arm/export-ta_arm64/lib/libutee.a(utee_syscalls_a64.o)
                0x000000000000ac38                _utee_cache_operation
 .text          0x000000000000ac44      0xf20 /home/avees/optee_os/out/arm/export-ta_arm64/lib/libutee.a(user_ta_entry.o)
                0x000000000000aee4                __utee_call_elf_init_fn
                0x000000000000b1b0                __utee_call_elf_fini_fn
                0x000000000000bab0                __utee_entry
 .text          0x000000000000bb64       0x20 /home/avees/optee_os/out/arm/export-ta_arm64/lib/libutee.a(abort.o)
                0x000000000000bb64                abort
 .text          0x000000000000bb84      0xf14 /home/avees/optee_os/out/arm/export-ta_arm64/lib/libutee.a(tee_api.o)
                0x000000000000c124                TEE_OpenTASession
                0x000000000000c2a4                TEE_CloseTASession
                0x000000000000c2e8                TEE_InvokeTACommand
                0x000000000000c4a8                TEE_GetCancellationFlag
                0x000000000000c520                TEE_UnmaskCancellation
                0x000000000000c59c                TEE_MaskCancellation
                0x000000000000c618                TEE_CheckMemoryAccessRights
                0x000000000000c67c                TEE_SetInstanceData
                0x000000000000c6a0                TEE_GetInstanceData
                0x000000000000c6b0                TEE_MemMove
                0x000000000000c6e0                TEE_MemCompare
                0x000000000000c710                TEE_MemFill
                0x000000000000c744                TEE_GetSystemTime
                0x000000000000c780                TEE_Wait
                0x000000000000c7c8                TEE_GetTAPersistentTime
                0x000000000000c86c                TEE_SetTAPersistentTime
                0x000000000000c8c4                TEE_GetREETime
                0x000000000000c900                TEE_Malloc
                0x000000000000c990                TEE_Realloc
                0x000000000000c9f4                TEE_Free
                0x000000000000ca20                TEE_CacheClean
                0x000000000000ca48                TEE_CacheFlush
                0x000000000000ca70                TEE_CacheInvalidate
 .text          0x000000000000ca98     0x26e0 /home/avees/optee_os/out/arm/export-ta_arm64/lib/libutee.a(tee_api_arith_mpi.o)
                0x000000000000cb10                _TEE_MathAPI_Init
                0x000000000000cd4c                TEE_BigIntInit
                0x000000000000cdd8                TEE_BigIntConvertFromOctetString
                0x000000000000cea8                TEE_BigIntConvertToOctetString
                0x000000000000cf8c                TEE_BigIntConvertFromS32
                0x000000000000d050                TEE_BigIntConvertToS32
                0x000000000000d194                TEE_BigIntCmp
                0x000000000000d224                TEE_BigIntCmpS32
                0x000000000000d2a0                TEE_BigIntShiftRight
                0x000000000000d4bc                TEE_BigIntGetBit
                0x000000000000d540                TEE_BigIntGetBitCount
                0x000000000000d940                TEE_BigIntAdd
                0x000000000000d978                TEE_BigIntSub
                0x000000000000d9b0                TEE_BigIntNeg
                0x000000000000dab0                TEE_BigIntMul
                0x000000000000dbe8                TEE_BigIntSquare
                0x000000000000dc14                TEE_BigIntDiv
                0x000000000000de28                TEE_BigIntMod
                0x000000000000de8c                TEE_BigIntAddMod
                0x000000000000decc                TEE_BigIntSubMod
                0x000000000000df0c                TEE_BigIntMulMod
                0x000000000000df4c                TEE_BigIntSquareMod
                0x000000000000df80                TEE_BigIntInvMod
                0x000000000000e0ec                TEE_BigIntRelativePrime
                0x000000000000ea8c                TEE_BigIntComputeExtendedGcd
                0x000000000000edf8                TEE_BigIntIsProbablePrime
                0x000000000000ee94                TEE_BigIntInitFMM
                0x000000000000eebc                TEE_BigIntInitFMMContext
                0x000000000000eed8                TEE_BigIntFMMSizeInU32
                0x000000000000eef8                TEE_BigIntFMMContextSizeInU32
                0x000000000000ef0c                TEE_BigIntConvertToFMM
                0x000000000000ef40                TEE_BigIntConvertFromFMM
                0x000000000000f020                TEE_BigIntComputeFMM
 .text          0x000000000000f178     0x1310 /home/avees/optee_os/out/arm/export-ta_arm64/lib/libutee.a(tee_api_property.o)
                0x000000000000f760                TEE_GetPropertyAsString
                0x000000000000fb28                TEE_GetPropertyAsBool
                0x000000000000fc30                TEE_GetPropertyAsU32
                0x000000000000fd30                TEE_GetPropertyAsBinaryBlock
                0x000000000000fe38                TEE_GetPropertyAsUUID
                0x000000000000ff38                TEE_GetPropertyAsIdentity
                0x0000000000010038                TEE_AllocatePropertyEnumerator
                0x00000000000100c4                TEE_ResetPropertyEnumerator
                0x00000000000100ec                TEE_FreePropertyEnumerator
                0x0000000000010114                TEE_StartPropertyEnumerator
                0x0000000000010158                TEE_GetPropertyName
                0x0000000000010338                TEE_GetNextProperty
 .text          0x0000000000010488      0x468 /home/avees/optee_os/out/arm/export-ta_arm64/lib/libutee.a(tee_system_pta.o)
                0x000000000001057c                tee_map_zi
                0x0000000000010688                tee_unmap
                0x0000000000010784                tee_invoke_supp_plugin
 .text          0x00000000000108f0      0x5d8 /home/avees/optee_os/out/arm/export-ta_arm64/lib/libutee.a(tcb.o)
                0x0000000000010914                __utee_tcb_init
                0x0000000000010d5c                __tls_get_addr
                0x0000000000010d9c                dl_iterate_phdr
 .text          0x0000000000010ec8       0x70 /home/avees/optee_os/out/arm/export-ta_arm64/lib/libutee.a(assert.o)
                0x0000000000010ec8                _assert_log
                0x0000000000010f24                _assert_break
 .text          0x0000000000010f38      0x640 /home/avees/optee_os/out/arm/export-ta_arm64/lib/libutee.a(base64.o)
                0x0000000000010f38                _base64_enc_len
                0x0000000000010f68                _base64_enc
                0x000000000001125c                _base64_dec
 .text          0x0000000000011578     0x7e2c /home/avees/optee_os/out/arm/export-ta_arm64/lib/libmbedtls.a(bignum.o)
                0x00000000000115e8                mbedtls_mpi_init
                0x000000000001160c                mbedtls_mpi_init_mempool
                0x000000000001164c                mbedtls_mpi_free
                0x00000000000116fc                mbedtls_mpi_grow
                0x0000000000011870                mbedtls_mpi_shrink
                0x0000000000011af8                mbedtls_mpi_copy
                0x0000000000011c88                mbedtls_mpi_swap
                0x0000000000011d0c                mbedtls_mpi_lset
                0x0000000000011db0                mbedtls_mpi_get_bit
                0x0000000000011e10                mbedtls_mpi_set_bit
                0x0000000000011f4c                mbedtls_mpi_lsb
                0x0000000000012050                mbedtls_mpi_bitlen
                0x000000000001210c                mbedtls_mpi_size
                0x00000000000121f8                mbedtls_mpi_read_string
                0x00000000000126dc                mbedtls_mpi_write_string
                0x0000000000012b44                mbedtls_mpi_read_binary_le
                0x0000000000012c34                mbedtls_mpi_read_binary
                0x0000000000012d04                mbedtls_mpi_write_binary_le
                0x0000000000012e54                mbedtls_mpi_write_binary
                0x0000000000012fb4                mbedtls_mpi_shift_l
                0x000000000001320c                mbedtls_mpi_shift_r
                0x000000000001342c                mbedtls_mpi_cmp_abs
                0x00000000000135e4                mbedtls_mpi_cmp_mpi
                0x0000000000013804                mbedtls_mpi_cmp_int
                0x00000000000138a4                mbedtls_mpi_add_abs
                0x0000000000013c2c                mbedtls_mpi_sub_abs
                0x0000000000013e90                mbedtls_mpi_add_mpi
                0x0000000000013fac                mbedtls_mpi_sub_mpi
                0x00000000000140c8                mbedtls_mpi_add_int
                0x0000000000014170                mbedtls_mpi_sub_int
                0x00000000000155b4                mbedtls_mpi_mul_mpi
                0x0000000000015888                mbedtls_mpi_mul_int
                0x0000000000015a68                mbedtls_mpi_div_mpi
                0x00000000000162e0                mbedtls_mpi_div_int
                0x0000000000016390                mbedtls_mpi_mod_mpi
                0x0000000000016480                mbedtls_mpi_mod_int
                0x00000000000166cc                mbedtls_mpi_montg_init
                0x0000000000016910                mbedtls_mpi_montmul
                0x00000000000169ec                mbedtls_mpi_montred
                0x0000000000016ad4                mbedtls_mpi_exp_mod
                0x00000000000175ac                mbedtls_mpi_gcd
                0x0000000000017960                mbedtls_mpi_fill_random
                0x0000000000017a04                mbedtls_mpi_random
                0x0000000000017c64                mbedtls_mpi_inv_mod
                0x0000000000018734                mbedtls_mpi_is_prime_ext
                0x000000000001884c                mbedtls_mpi_is_prime
                0x000000000001887c                mbedtls_mpi_gen_prime
                0x0000000000018d5c                mbedtls_mpi_self_test
 .text          0x00000000000193a4      0xfd8 /home/avees/optee_os/out/arm/export-ta_arm64/lib/libmbedtls.a(constant_time.o)
                0x00000000000193a4                mbedtls_ct_memcmp
                0x0000000000019448                mbedtls_ct_uint_mask
                0x000000000001946c                mbedtls_ct_mpi_uint_mask
                0x00000000000194f0                mbedtls_ct_size_bool_eq
                0x0000000000019560                mbedtls_ct_mpi_uint_lt
                0x00000000000195c8                mbedtls_ct_uint_if
                0x0000000000019678                mbedtls_ct_mpi_uint_cond_assign
                0x0000000000019720                mbedtls_ct_base64_enc_char
                0x000000000001984c                mbedtls_ct_base64_dec_value
                0x0000000000019ac8                mbedtls_mpi_safe_cond_assign
                0x0000000000019be4                mbedtls_mpi_safe_cond_swap
                0x0000000000019dcc                mbedtls_mpi_lt_mpi_ct
                0x0000000000019fa8                mbedtls_ct_rsaes_pkcs1_v15_unpadding
 .text          0x000000000001a37c       0x44 /home/avees/optee_os/out/arm/export-ta_arm64/lib/libmbedtls.a(platform_util.o)
                0x000000000001a37c                mbedtls_platform_zeroize
 .text          0x000000000001a3c0     0x1ecc /home/avees/optee_os/out/arm/export-ta_arm64/lib/libutils.a(bget_malloc.o)
                0x000000000001a4e4                bget
                0x000000000001aa2c                bgetz
                0x000000000001ab24                bgetr
                0x000000000001ac60                brel
                0x000000000001b068                bpool
                0x000000000001b5d8                raw_memalign
                0x000000000001b708                raw_malloc
                0x000000000001b740                raw_free
                0x000000000001b798                raw_calloc
                0x000000000001b910                raw_realloc
                0x000000000001bb04                malloc
                0x000000000001bba8                calloc
                0x000000000001bc38                realloc
                0x000000000001bc8c                memalign
                0x000000000001bd18                free
                0x000000000001bd3c                free_wipe
                0x000000000001c184                raw_malloc_get_ctx_size
                0x000000000001c18c                raw_malloc_init_ctx
                0x000000000001c1cc                raw_malloc_add_pool
                0x000000000001c1fc                malloc_add_pool
                0x000000000001c22c                malloc_buffer_is_within_alloced
                0x000000000001c25c                malloc_buffer_overlaps_heap
 .text          0x000000000001c28c      0x15c /home/avees/optee_os/out/arm/export-ta_arm64/lib/libutils.a(snprintf.o)
                0x000000000001c28c                snprintf
                0x000000000001c384                vsnprintf
 .text          0x000000000001c3e8      0x180 /home/avees/optee_os/out/arm/export-ta_arm64/lib/libutils.a(memcpy.o)
                0x000000000001c3e8                memcpy
 .text          0x000000000001c568      0x20c /home/avees/optee_os/out/arm/export-ta_arm64/lib/libutils.a(memmove.o)
                0x000000000001c568                memmove
 .text          0x000000000001c774      0x1cc /home/avees/optee_os/out/arm/export-ta_arm64/lib/libutils.a(memset.o)
                0x000000000001c774                memset
 .text          0x000000000001c940      0x114 /home/avees/optee_os/out/arm/export-ta_arm64/lib/libutils.a(strcmp.o)
                0x000000000001c940                strcmp
 .text          0x000000000001ca54       0xb4 /home/avees/optee_os/out/arm/export-ta_arm64/lib/libutils.a(strlcpy.o)
                0x000000000001ca54                strlcpy
 .text          0x000000000001cb08      0x334 /home/avees/optee_os/out/arm/export-ta_arm64/lib/libutils.a(mempool.o)
                0x000000000001cc00                mempool_alloc_pool
                0x000000000001cc94                mempool_alloc
                0x000000000001cd1c                mempool_calloc
                0x000000000001ce00                mempool_free
 .text          0x000000000001ce3c       0xf8 /home/avees/optee_os/out/arm/export-ta_arm64/lib/libutils.a(consttime_memcmp.o)
                0x000000000001ce3c                consttime_memcmp
 .text          0x000000000001cf34        0x0 /home/avees/optee_os/out/arm/export-ta_arm64/lib/libutee.a(utee_syscalls_a64.o)
 *(SORT_BY_ALIGNMENT(.stub))
 *(SORT_BY_ALIGNMENT(.glue_7))
 *(SORT_BY_ALIGNMENT(.glue_7t))
 *(SORT_BY_ALIGNMENT(.gnu.linkonce.t.*))
 *(SORT_BY_ALIGNMENT(.vfp11_veneer))
                0x000000000001cf34                __text_end = .

.note.gnu.property
 *(SORT_BY_ALIGNMENT(.note.gnu.property))

.plt            0x000000000001cf34        0x0
 *(SORT_BY_ALIGNMENT(.plt))
 .plt           0x000000000001cf34        0x0 ./hello_world_ta.o

.eh_frame_hdr
 *(SORT_BY_ALIGNMENT(.eh_frame_hdr))
 *(SORT_BY_ALIGNMENT(.eh_frame_entry) SORT_BY_ALIGNMENT(.eh_frame_entry.*))

.eh_frame       0x000000000001cf38     0x2d30
 *(SORT_BY_ALIGNMENT(.eh_frame))
 .eh_frame      0x000000000001cf38      0x118 ./hello_world_ta.o
 .eh_frame      0x000000000001d050       0x30 ./user_ta_header.o
                                         0x40 (size before relaxing)
 .eh_frame      0x000000000001d080       0x18 /home/avees/optee_os/out/arm/export-ta_arm64/lib/libutils.a(stack_check.o)
                                         0x28 (size before relaxing)
 .eh_frame      0x000000000001d098       0xd8 /home/avees/optee_os/out/arm/export-ta_arm64/lib/libutils.a(trace.o)
                                         0xf0 (size before relaxing)
 .eh_frame      0x000000000001d170       0xd0 /home/avees/optee_os/out/arm/export-ta_arm64/lib/libutils.a(snprintk.o)
                                         0xe8 (size before relaxing)
 .eh_frame      0x000000000001d240       0x18 /home/avees/optee_os/out/arm/export-ta_arm64/lib/libutils.a(memchr.o)
                                         0x30 (size before relaxing)
 .eh_frame      0x000000000001d258       0x18 /home/avees/optee_os/out/arm/export-ta_arm64/lib/libutils.a(strlen.o)
                                         0x30 (size before relaxing)
 .eh_frame      0x000000000001d270       0x98 /home/avees/optee_os/out/arm/export-ta_arm64/lib/libutee.a(trace_ext.o)
                                         0xa8 (size before relaxing)
 .eh_frame      0x000000000001d308      0x3f0 /home/avees/optee_os/out/arm/export-ta_arm64/lib/libutee.a(tee_api_objects.o)
                                        0x408 (size before relaxing)
 .eh_frame      0x000000000001d6f8      0x4d8 /home/avees/optee_os/out/arm/export-ta_arm64/lib/libutee.a(tee_api_operations.o)
                                        0x4e8 (size before relaxing)
 .eh_frame      0x000000000001dbd0      0x120 /home/avees/optee_os/out/arm/export-ta_arm64/lib/libutee.a(tee_api_panic.o)
                                        0x138 (size before relaxing)
 .eh_frame      0x000000000001dcf0      0x260 /home/avees/optee_os/out/arm/export-ta_arm64/lib/libutee.a(user_ta_entry.o)
                                        0x278 (size before relaxing)
 .eh_frame      0x000000000001df50       0x18 /home/avees/optee_os/out/arm/export-ta_arm64/lib/libutee.a(abort.o)
                                         0x30 (size before relaxing)
 .eh_frame      0x000000000001df68      0x310 /home/avees/optee_os/out/arm/export-ta_arm64/lib/libutee.a(tee_api.o)
                                        0x320 (size before relaxing)
 .eh_frame      0x000000000001e278      0x540 /home/avees/optee_os/out/arm/export-ta_arm64/lib/libutee.a(tee_api_arith_mpi.o)
                                        0x550 (size before relaxing)
 .eh_frame      0x000000000001e7b8      0x1e8 /home/avees/optee_os/out/arm/export-ta_arm64/lib/libutee.a(tee_api_property.o)
                                        0x200 (size before relaxing)
 .eh_frame      0x000000000001e9a0       0xb0 /home/avees/optee_os/out/arm/export-ta_arm64/lib/libutee.a(tee_system_pta.o)
                                         0xc8 (size before relaxing)
 .eh_frame      0x000000000001ea50       0x78 /home/avees/optee_os/out/arm/export-ta_arm64/lib/libutee.a(tcb.o)
                                         0x88 (size before relaxing)
 .eh_frame      0x000000000001eac8       0x38 /home/avees/optee_os/out/arm/export-ta_arm64/lib/libutee.a(assert.o)
                                         0x50 (size before relaxing)
 .eh_frame      0x000000000001eb00       0x70 /home/avees/optee_os/out/arm/export-ta_arm64/lib/libutee.a(base64.o)
                                         0x88 (size before relaxing)
 .eh_frame      0x000000000001eb70      0x808 /home/avees/optee_os/out/arm/export-ta_arm64/lib/libmbedtls.a(bignum.o)
                                        0x818 (size before relaxing)
 .eh_frame      0x000000000001f378      0x1d8 /home/avees/optee_os/out/arm/export-ta_arm64/lib/libmbedtls.a(constant_time.o)
                                        0x1f0 (size before relaxing)
 .eh_frame      0x000000000001f550       0x20 /home/avees/optee_os/out/arm/export-ta_arm64/lib/libmbedtls.a(platform_util.o)
                                         0x38 (size before relaxing)
 .eh_frame      0x000000000001f570      0x538 /home/avees/optee_os/out/arm/export-ta_arm64/lib/libutils.a(bget_malloc.o)
                                        0x548 (size before relaxing)
 .eh_frame      0x000000000001faa8       0x48 /home/avees/optee_os/out/arm/export-ta_arm64/lib/libutils.a(snprintf.o)
                                         0x58 (size before relaxing)
 .eh_frame      0x000000000001faf0       0x18 /home/avees/optee_os/out/arm/export-ta_arm64/lib/libutils.a(memcpy.o)
                                         0x30 (size before relaxing)
 .eh_frame      0x000000000001fb08       0x18 /home/avees/optee_os/out/arm/export-ta_arm64/lib/libutils.a(memmove.o)
                                         0x30 (size before relaxing)
 .eh_frame      0x000000000001fb20       0x18 /home/avees/optee_os/out/arm/export-ta_arm64/lib/libutils.a(memset.o)
                                         0x30 (size before relaxing)
 .eh_frame      0x000000000001fb38       0x18 /home/avees/optee_os/out/arm/export-ta_arm64/lib/libutils.a(strcmp.o)
                                         0x30 (size before relaxing)
 .eh_frame      0x000000000001fb50       0x28 /home/avees/optee_os/out/arm/export-ta_arm64/lib/libutils.a(strlcpy.o)
                                         0x38 (size before relaxing)
 .eh_frame      0x000000000001fb78       0xd8 /home/avees/optee_os/out/arm/export-ta_arm64/lib/libutils.a(mempool.o)
                                         0xe8 (size before relaxing)
 .eh_frame      0x000000000001fc50       0x18 /home/avees/optee_os/out/arm/export-ta_arm64/lib/libutils.a(consttime_memcmp.o)
                                         0x30 (size before relaxing)
 *(SORT_BY_ALIGNMENT(.eh_frame.*))

.gcc_except_table
 *(SORT_BY_ALIGNMENT(.gcc_except_table) SORT_BY_ALIGNMENT(.gcc_except_table.*))

.rodata         0x000000000001fc68     0x15ae
 *(SORT_BY_ALIGNMENT(.gnu.linkonce.r.*))
 *(SORT_BY_ALIGNMENT(.rodata) SORT_BY_ALIGNMENT(.rodata.*))
 .rodata.hello_world_ta.c
                0x000000000001fc68       0xaa ./hello_world_ta.o
 *fill*         0x000000000001fd12        0x6 
 .rodata.user_ta_header.c
                0x000000000001fd18      0x178 ./user_ta_header.o
                0x000000000001fd18                trace_ext_prefix
                0x000000000001fd20                ta_heap_size
                0x000000000001fe88                ta_num_props
 .rodata.lib/libutils/ext/trace.c
                0x000000000001fe90       0x35 /home/avees/optee_os/out/arm/export-ta_arm64/lib/libutils.a(trace.o)
 *fill*         0x000000000001fec5        0x3 
 .rodata.lib/libutils/ext/snprintk.c
                0x000000000001fec8      0x1f8 /home/avees/optee_os/out/arm/export-ta_arm64/lib/libutils.a(snprintk.o)
 .rodata.lib/libutee/trace_ext.c
                0x00000000000200c0        0x2 /home/avees/optee_os/out/arm/export-ta_arm64/lib/libutee.a(trace_ext.o)
 *fill*         0x00000000000200c2        0x6 
 .rodata.lib/libutee/tee_api_panic.c
                0x00000000000200c8       0x70 /home/avees/optee_os/out/arm/export-ta_arm64/lib/libutee.a(tee_api_panic.o)
 .rodata.lib/libutee/arch/arm/user_ta_entry.c
                0x0000000000020138       0x6e /home/avees/optee_os/out/arm/export-ta_arm64/lib/libutee.a(user_ta_entry.o)
 *fill*         0x00000000000201a6        0x2 
 .rodata.lib/libutee/abort.c
                0x00000000000201a8        0x7 /home/avees/optee_os/out/arm/export-ta_arm64/lib/libutee.a(abort.o)
 *fill*         0x00000000000201af        0x1 
 .rodata.lib/libutee/tee_api.c
                0x00000000000201b0       0x23 /home/avees/optee_os/out/arm/export-ta_arm64/lib/libutee.a(tee_api.o)
 *fill*         0x00000000000201d3        0x5 
 .rodata.lib/libutee/tee_api_arith_mpi.c
                0x00000000000201d8      0x245 /home/avees/optee_os/out/arm/export-ta_arm64/lib/libutee.a(tee_api_arith_mpi.o)
 *fill*         0x000000000002041d        0x3 
 .rodata.lib/libutee/tee_api_property.c
                0x0000000000020420       0x90 /home/avees/optee_os/out/arm/export-ta_arm64/lib/libutee.a(tee_api_property.o)
 .rodata.lib/libutee/tee_system_pta.c
                0x00000000000204b0       0x97 /home/avees/optee_os/out/arm/export-ta_arm64/lib/libutee.a(tee_system_pta.o)
 *fill*         0x0000000000020547        0x1 
 .rodata.lib/libutee/arch/arm/tcb.c
                0x0000000000020548       0xc8 /home/avees/optee_os/out/arm/export-ta_arm64/lib/libutee.a(tcb.o)
 .rodata.lib/libutee/assert.c
                0x0000000000020610       0x27 /home/avees/optee_os/out/arm/export-ta_arm64/lib/libutee.a(assert.o)
 *fill*         0x0000000000020637        0x1 
 .rodata.lib/libutee/base64.c
                0x0000000000020638       0x41 /home/avees/optee_os/out/arm/export-ta_arm64/lib/libutee.a(base64.o)
 *fill*         0x0000000000020679        0x7 
 .rodata.lib/libmbedtls/mbedtls/library/bignum.c
                0x0000000000020680      0x76e /home/avees/optee_os/out/arm/export-ta_arm64/lib/libmbedtls.a(bignum.o)
 *fill*         0x0000000000020dee        0x2 
 .rodata.lib/libutils/isoc/bget_malloc.c
                0x0000000000020df0      0x35c /home/avees/optee_os/out/arm/export-ta_arm64/lib/libutils.a(bget_malloc.o)
 *fill*         0x000000000002114c        0x4 
 .rodata.lib/libutils/ext/mempool.c
                0x0000000000021150       0xc6 /home/avees/optee_os/out/arm/export-ta_arm64/lib/libutils.a(mempool.o)

.gnu.version_d  0x0000000000021218        0x0
 .gnu.version_d
                0x0000000000021218        0x0 ./hello_world_ta.o

.gnu.version    0x0000000000021216        0x0
 .gnu.version   0x0000000000021216        0x0 ./hello_world_ta.o

.gnu.version_r  0x0000000000021218        0x0
 .gnu.version_r
                0x0000000000021218        0x0 ./hello_world_ta.o

.gnu.hash       0x0000000000021218       0x30
 .gnu.hash      0x0000000000021218       0x30 ./hello_world_ta.o

.ARM.extab
 *(SORT_BY_ALIGNMENT(.ARM.extab*) SORT_BY_ALIGNMENT(.gnu.linkonce.armextab.*))
                [!provide]                        PROVIDE (__exidx_start = .)

.ARM.exidx
 *(SORT_BY_ALIGNMENT(.ARM.exidx*) SORT_BY_ALIGNMENT(.gnu.linkonce.armexidx.*))
                [!provide]                        PROVIDE (__exidx_end = .)

.ctors
 *(SORT_BY_ALIGNMENT(.ctors))

.dtors
 *(SORT_BY_ALIGNMENT(.dtors))

.dynsym         0x0000000000021248       0x90
 *(SORT_BY_ALIGNMENT(.dynsym))
 .dynsym        0x0000000000021248       0x90 ./hello_world_ta.o

.dynstr         0x00000000000212d8       0x2e
 *(SORT_BY_ALIGNMENT(.dynstr))
 .dynstr        0x00000000000212d8       0x2e ./hello_world_ta.o

.hash           0x0000000000021308       0x2c
 *(SORT_BY_ALIGNMENT(.hash))
 .hash          0x0000000000021308       0x2c ./hello_world_ta.o

.rela.dyn       0x0000000000021338      0x2b8
 .rela.data.rel.ro
                0x0000000000021338        0x0 ./hello_world_ta.o
 .rela.ifunc    0x0000000000021338        0x0 ./hello_world_ta.o
 .rela.data.rel.ro.local
                0x0000000000021338      0x240 ./hello_world_ta.o
 .rela.data.rel.local
                0x0000000000021578       0x60 ./hello_world_ta.o
 .rela.data.rel
                0x00000000000215d8       0x18 ./hello_world_ta.o
                0x0000000000022000                . = ALIGN (0x1000)

.dynamic        0x0000000000022000      0x110
 *(SORT_BY_ALIGNMENT(.dynamic))
 .dynamic       0x0000000000022000      0x110 ./hello_world_ta.o
                0x0000000000022000                _DYNAMIC

.tdata
 *(SORT_BY_ALIGNMENT(.tdata) SORT_BY_ALIGNMENT(.tdata.*) SORT_BY_ALIGNMENT(.gnu.linkonce.td.*))

.tbss
 *(SORT_BY_ALIGNMENT(.tbss) SORT_BY_ALIGNMENT(.tbss.*) SORT_BY_ALIGNMENT(.gnu.linkonce.tb.*))
 *(SORT_BY_ALIGNMENT(.tcommon))

.got            0x0000000000022110       0xb8
 *(SORT_BY_ALIGNMENT(.got.plt))
 .got.plt       0x0000000000022110       0x18 ./hello_world_ta.o
 *(SORT_BY_ALIGNMENT(.got))
 .got           0x0000000000022128       0xa0 ./hello_world_ta.o
                0x0000000000022128                _GLOBAL_OFFSET_TABLE_

.rel.text
 *(SORT_BY_ALIGNMENT(.rel.text))
 *(SORT_BY_ALIGNMENT(.rel.gnu.linkonce.t*))

.rela.text
 *(SORT_BY_ALIGNMENT(.rela.text))
 *(SORT_BY_ALIGNMENT(.rela.gnu.linkonce.t*))

.rel.data
 *(SORT_BY_ALIGNMENT(.rel.data))
 *(SORT_BY_ALIGNMENT(.rel.gnu.linkonce.d*))

.rela.data
 *(SORT_BY_ALIGNMENT(.rela.data))
 *(SORT_BY_ALIGNMENT(.rela.gnu.linkonce.d*))

.rel.tdata
 *(SORT_BY_ALIGNMENT(.rel.tdata) SORT_BY_ALIGNMENT(.rel.tdata.*) SORT_BY_ALIGNMENT(.rel.gnu.linkonce.td.*))

.rela.tdata
 *(SORT_BY_ALIGNMENT(.rela.tdata) SORT_BY_ALIGNMENT(.rela.tdata.*) SORT_BY_ALIGNMENT(.rela.gnu.linkonce.td.*))

.rel.tbss
 *(SORT_BY_ALIGNMENT(.rel.tbss) SORT_BY_ALIGNMENT(.rel.tbss.*) SORT_BY_ALIGNMENT(.rel.gnu.linkonce.tb.*))

.rela.tbss
 *(SORT_BY_ALIGNMENT(.rela.tbss) SORT_BY_ALIGNMENT(.rela.tbss.*) SORT_BY_ALIGNMENT(.rela.gnu.linkonce.tb.*))

.rel.rodata
 *(SORT_BY_ALIGNMENT(.rel.rodata))
 *(SORT_BY_ALIGNMENT(.rel.gnu.linkonce.r*))

.rela.rodata
 *(SORT_BY_ALIGNMENT(.rela.rodata))
 *(SORT_BY_ALIGNMENT(.rela.gnu.linkonce.r*))

.rel.dyn
 *(SORT_BY_ALIGNMENT(.rel.dyn))

.rel.got
 *(SORT_BY_ALIGNMENT(.rel.got))

.rela.got       0x00000000000221c8      0x1c8
 *(SORT_BY_ALIGNMENT(.rela.got))
 .rela.got      0x00000000000221c8      0x1c8 ./hello_world_ta.o

.rel.ctors
 *(SORT_BY_ALIGNMENT(.rel.ctors))

.rela.ctors
 *(SORT_BY_ALIGNMENT(.rela.ctors))

.rel.dtors
 *(SORT_BY_ALIGNMENT(.rel.dtors))

.rela.dtors
 *(SORT_BY_ALIGNMENT(.rela.dtors))

.rel.init
 *(SORT_BY_ALIGNMENT(.rel.init))

.rela.init
 *(SORT_BY_ALIGNMENT(.rela.init))

.rel.fini
 *(SORT_BY_ALIGNMENT(.rel.fini))

.rela.fini
 *(SORT_BY_ALIGNMENT(.rela.fini))

.rel.bss
 *(SORT_BY_ALIGNMENT(.rel.bss))

.rela.bss       0x0000000000022390        0x0
 *(SORT_BY_ALIGNMENT(.rela.bss))
 .rela.bss      0x0000000000022390        0x0 ./hello_world_ta.o

.rel.plt
 *(SORT_BY_ALIGNMENT(.rel.plt))

.rela.plt       0x0000000000022390        0x0
 *(SORT_BY_ALIGNMENT(.rela.plt))
 .rela.plt      0x0000000000022390        0x0 ./hello_world_ta.o

.data           0x0000000000022390      0x184
 *(SORT_BY_ALIGNMENT(.data) SORT_BY_ALIGNMENT(.data.*) SORT_BY_ALIGNMENT(.gnu.linkonce.d.*))
 .data.rel.ro.local
                0x0000000000022390       0xd8 ./user_ta_header.o
                0x0000000000022390                ta_props
 .data          0x0000000000022468        0x8 /home/avees/optee_os/out/arm/export-ta_arm64/lib/libutils.a(stack_check.o)
                0x0000000000022468                __stack_chk_guard
 .data.rel.local
                0x0000000000022470       0x20 /home/avees/optee_os/out/arm/export-ta_arm64/lib/libutee.a(user_ta_entry.o)
 .data.rel.ro.local
                0x0000000000022490       0x48 /home/avees/optee_os/out/arm/export-ta_arm64/lib/libutee.a(tee_api_property.o)
                0x0000000000022490                tee_props
 .data.rel      0x00000000000224d8        0x8 /home/avees/optee_os/out/arm/export-ta_arm64/lib/libmbedtls.a(platform_util.o)
 .data.rel.local
                0x00000000000224e0       0x30 /home/avees/optee_os/out/arm/export-ta_arm64/lib/libutils.a(bget_malloc.o)
 .data          0x0000000000022510        0x4 ./user_ta_header.o
                0x0000000000022510                trace_level
 .data          0x0000000000022514        0x0 ./hello_world_ta.o
 .data.rel.ro   0x0000000000022514        0x0 ./hello_world_ta.o
 .data          0x0000000000022514        0x0 /home/avees/optee_os/out/arm/export-ta_arm64/lib/libutils.a(trace.o)
 .data          0x0000000000022514        0x0 /home/avees/optee_os/out/arm/export-ta_arm64/lib/libutils.a(snprintk.o)
 .data          0x0000000000022514        0x0 /home/avees/optee_os/out/arm/export-ta_arm64/lib/libutils.a(memchr.o)
 .data          0x0000000000022514        0x0 /home/avees/optee_os/out/arm/export-ta_arm64/lib/libutils.a(strlen.o)
 .data          0x0000000000022514        0x0 /home/avees/optee_os/out/arm/export-ta_arm64/lib/libutee.a(trace_ext.o)
 .data          0x0000000000022514        0x0 /home/avees/optee_os/out/arm/export-ta_arm64/lib/libutee.a(tee_api_objects.o)
 .data          0x0000000000022514        0x0 /home/avees/optee_os/out/arm/export-ta_arm64/lib/libutee.a(tee_api_operations.o)
 .data          0x0000000000022514        0x0 /home/avees/optee_os/out/arm/export-ta_arm64/lib/libutee.a(tee_api_panic.o)
 .data          0x0000000000022514        0x0 /home/avees/optee_os/out/arm/export-ta_arm64/lib/libutee.a(utee_syscalls_a64.o)
 .data          0x0000000000022514        0x0 /home/avees/optee_os/out/arm/export-ta_arm64/lib/libutee.a(user_ta_entry.o)
 .data          0x0000000000022514        0x0 /home/avees/optee_os/out/arm/export-ta_arm64/lib/libutee.a(abort.o)
 .data          0x0000000000022514        0x0 /home/avees/optee_os/out/arm/export-ta_arm64/lib/libutee.a(tee_api.o)
 .data          0x0000000000022514        0x0 /home/avees/optee_os/out/arm/export-ta_arm64/lib/libutee.a(tee_api_arith_mpi.o)
 .data          0x0000000000022514        0x0 /home/avees/optee_os/out/arm/export-ta_arm64/lib/libutee.a(tee_api_property.o)
 .data          0x0000000000022514        0x0 /home/avees/optee_os/out/arm/export-ta_arm64/lib/libutee.a(tee_system_pta.o)
 .data          0x0000000000022514        0x0 /home/avees/optee_os/out/arm/export-ta_arm64/lib/libutee.a(tcb.o)
 .data          0x0000000000022514        0x0 /home/avees/optee_os/out/arm/export-ta_arm64/lib/libutee.a(assert.o)
 .data          0x0000000000022514        0x0 /home/avees/optee_os/out/arm/export-ta_arm64/lib/libutee.a(base64.o)
 .data          0x0000000000022514        0x0 /home/avees/optee_os/out/arm/export-ta_arm64/lib/libmbedtls.a(bignum.o)
 .data          0x0000000000022514        0x0 /home/avees/optee_os/out/arm/export-ta_arm64/lib/libmbedtls.a(constant_time.o)
 .data          0x0000000000022514        0x0 /home/avees/optee_os/out/arm/export-ta_arm64/lib/libmbedtls.a(platform_util.o)
 .data          0x0000000000022514        0x0 /home/avees/optee_os/out/arm/export-ta_arm64/lib/libutils.a(bget_malloc.o)
 .data          0x0000000000022514        0x0 /home/avees/optee_os/out/arm/export-ta_arm64/lib/libutils.a(snprintf.o)
 .data          0x0000000000022514        0x0 /home/avees/optee_os/out/arm/export-ta_arm64/lib/libutils.a(memcpy.o)
 .data          0x0000000000022514        0x0 /home/avees/optee_os/out/arm/export-ta_arm64/lib/libutils.a(memmove.o)
 .data          0x0000000000022514        0x0 /home/avees/optee_os/out/arm/export-ta_arm64/lib/libutils.a(memset.o)
 .data          0x0000000000022514        0x0 /home/avees/optee_os/out/arm/export-ta_arm64/lib/libutils.a(strcmp.o)
 .data          0x0000000000022514        0x0 /home/avees/optee_os/out/arm/export-ta_arm64/lib/libutils.a(strlcpy.o)
 .data          0x0000000000022514        0x0 /home/avees/optee_os/out/arm/export-ta_arm64/lib/libutils.a(mempool.o)
 .data          0x0000000000022514        0x0 /home/avees/optee_os/out/arm/export-ta_arm64/lib/libutils.a(consttime_memcmp.o)

.bss            0x0000000000022518     0xb090
 *(SORT_BY_ALIGNMENT(.bss) SORT_BY_ALIGNMENT(.bss.*) SORT_BY_ALIGNMENT(.gnu.linkonce.b.*) SORT_BY_ALIGNMENT(COMMON))
 COMMON         0x0000000000022518     0x8000 ./user_ta_header.o
                0x0000000000022518                ta_heap
 .bss           0x000000000002a518       0x10 /home/avees/optee_os/out/arm/export-ta_arm64/lib/libutee.a(user_ta_entry.o)
 COMMON         0x000000000002a528       0x58 /home/avees/optee_os/out/arm/export-ta_arm64/lib/libutee.a(user_ta_entry.o)
                0x000000000002a528                ta_param_types
                0x000000000002a530                ta_params
                0x000000000002a570                __elf_phdr_info
 .bss           0x000000000002a580        0x8 /home/avees/optee_os/out/arm/export-ta_arm64/lib/libutee.a(tee_api.o)
 .bss           0x000000000002a588     0x3000 /home/avees/optee_os/out/arm/export-ta_arm64/lib/libutee.a(tee_api_arith_mpi.o)
 .bss           0x000000000002d588        0x8 /home/avees/optee_os/out/arm/export-ta_arm64/lib/libutee.a(tee_system_pta.o)
 .bss           0x000000000002d590       0x10 /home/avees/optee_os/out/arm/export-ta_arm64/lib/libutee.a(tcb.o)
 COMMON         0x000000000002d5a0        0x8 /home/avees/optee_os/out/arm/export-ta_arm64/lib/libmbedtls.a(bignum.o)
                0x000000000002d5a0                mbedtls_mpi_mempool
 .bss           0x000000000002d5a8        0x0 ./hello_world_ta.o
 .bss           0x000000000002d5a8        0x0 ./user_ta_header.o
 .bss           0x000000000002d5a8        0x0 /home/avees/optee_os/out/arm/export-ta_arm64/lib/libutils.a(stack_check.o)
 .bss           0x000000000002d5a8        0x0 /home/avees/optee_os/out/arm/export-ta_arm64/lib/libutils.a(trace.o)
 .bss           0x000000000002d5a8        0x0 /home/avees/optee_os/out/arm/export-ta_arm64/lib/libutils.a(snprintk.o)
 .bss           0x000000000002d5a8        0x0 /home/avees/optee_os/out/arm/export-ta_arm64/lib/libutils.a(memchr.o)
 .bss           0x000000000002d5a8        0x0 /home/avees/optee_os/out/arm/export-ta_arm64/lib/libutils.a(strlen.o)
 .bss           0x000000000002d5a8        0x0 /home/avees/optee_os/out/arm/export-ta_arm64/lib/libutee.a(trace_ext.o)
 .bss           0x000000000002d5a8        0x0 /home/avees/optee_os/out/arm/export-ta_arm64/lib/libutee.a(tee_api_objects.o)
 .bss           0x000000000002d5a8        0x0 /home/avees/optee_os/out/arm/export-ta_arm64/lib/libutee.a(tee_api_operations.o)
 .bss           0x000000000002d5a8        0x0 /home/avees/optee_os/out/arm/export-ta_arm64/lib/libutee.a(tee_api_panic.o)
 .bss           0x000000000002d5a8        0x0 /home/avees/optee_os/out/arm/export-ta_arm64/lib/libutee.a(utee_syscalls_a64.o)
 .bss           0x000000000002d5a8        0x0 /home/avees/optee_os/out/arm/export-ta_arm64/lib/libutee.a(abort.o)
 .bss           0x000000000002d5a8        0x0 /home/avees/optee_os/out/arm/export-ta_arm64/lib/libutee.a(tee_api_property.o)
 .bss           0x000000000002d5a8        0x0 /home/avees/optee_os/out/arm/export-ta_arm64/lib/libutee.a(assert.o)
 .bss           0x000000000002d5a8        0x0 /home/avees/optee_os/out/arm/export-ta_arm64/lib/libutee.a(base64.o)
 .bss           0x000000000002d5a8        0x0 /home/avees/optee_os/out/arm/export-ta_arm64/lib/libmbedtls.a(bignum.o)
 .bss           0x000000000002d5a8        0x0 /home/avees/optee_os/out/arm/export-ta_arm64/lib/libmbedtls.a(constant_time.o)
 .bss           0x000000000002d5a8        0x0 /home/avees/optee_os/out/arm/export-ta_arm64/lib/libmbedtls.a(platform_util.o)
 .bss           0x000000000002d5a8        0x0 /home/avees/optee_os/out/arm/export-ta_arm64/lib/libutils.a(bget_malloc.o)
 .bss           0x000000000002d5a8        0x0 /home/avees/optee_os/out/arm/export-ta_arm64/lib/libutils.a(snprintf.o)
 .bss           0x000000000002d5a8        0x0 /home/avees/optee_os/out/arm/export-ta_arm64/lib/libutils.a(memcpy.o)
 .bss           0x000000000002d5a8        0x0 /home/avees/optee_os/out/arm/export-ta_arm64/lib/libutils.a(memmove.o)
 .bss           0x000000000002d5a8        0x0 /home/avees/optee_os/out/arm/export-ta_arm64/lib/libutils.a(memset.o)
 .bss           0x000000000002d5a8        0x0 /home/avees/optee_os/out/arm/export-ta_arm64/lib/libutils.a(strcmp.o)
 .bss           0x000000000002d5a8        0x0 /home/avees/optee_os/out/arm/export-ta_arm64/lib/libutils.a(strlcpy.o)
 .bss           0x000000000002d5a8        0x0 /home/avees/optee_os/out/arm/export-ta_arm64/lib/libutils.a(mempool.o)
 .bss           0x000000000002d5a8        0x0 /home/avees/optee_os/out/arm/export-ta_arm64/lib/libutils.a(consttime_memcmp.o)
                0x000000000002d5a8                . = ALIGN (0x8)
                0x000000000002d5a8                __ftrace_buf_start = .
                0x000000000002d5a8                . = (. + DEFINED (_mcount)?0x800:0x0)
                0x000000000002d5a8                __ftrace_buf_end = .

.dynbss         0x000000000002d5a8        0x0
 .dynbss        0x000000000002d5a8        0x0 ./hello_world_ta.o

/DISCARD/
 *(SORT_BY_ALIGNMENT(.interp))
LOAD ./hello_world_ta.o
LOAD ./user_ta_header.o
START GROUP
LOAD /home/avees/optee_os/out/arm/export-ta_arm64/lib/libutils.a
LOAD /home/avees/optee_os/out/arm/export-ta_arm64/lib/libutee.a
LOAD /home/avees/optee_os/out/arm/export-ta_arm64/lib/libmbedtls.a
LOAD /home/avees/optee_os/out/arm/export-ta_arm64/lib/libdl.a
END GROUP
LOAD /usr/lib/gcc/aarch64-linux-gnu/9/libgcc.a
LOAD /home/avees/optee_os/out/arm/export-ta_arm64/lib/libutils.a
OUTPUT(8aaaf200-2450-11e4-abe2-0002a5d5c51b.elf elf64-littleaarch64)
LOAD linker stubs

.debug_info     0x0000000000000000     0xf817
 .debug_info    0x0000000000000000      0x67e ./hello_world_ta.o
 .debug_info    0x000000000000067e      0x4ca ./user_ta_header.o
 .debug_info    0x0000000000000b48       0x64 /home/avees/optee_os/out/arm/export-ta_arm64/lib/libutils.a(stack_check.o)
 .debug_info    0x0000000000000bac      0x428 /home/avees/optee_os/out/arm/export-ta_arm64/lib/libutils.a(trace.o)
 .debug_info    0x0000000000000fd4      0x617 /home/avees/optee_os/out/arm/export-ta_arm64/lib/libutils.a(snprintk.o)
 .debug_info    0x00000000000015eb      0x110 /home/avees/optee_os/out/arm/export-ta_arm64/lib/libutils.a(memchr.o)
 .debug_info    0x00000000000016fb       0xbb /home/avees/optee_os/out/arm/export-ta_arm64/lib/libutils.a(strlen.o)
 .debug_info    0x00000000000017b6      0x26d /home/avees/optee_os/out/arm/export-ta_arm64/lib/libutee.a(trace_ext.o)
 .debug_info    0x0000000000001a23     0x1031 /home/avees/optee_os/out/arm/export-ta_arm64/lib/libutee.a(tee_api_objects.o)
 .debug_info    0x0000000000002a54     0x1a6a /home/avees/optee_os/out/arm/export-ta_arm64/lib/libutee.a(tee_api_operations.o)
 .debug_info    0x00000000000044be      0x399 /home/avees/optee_os/out/arm/export-ta_arm64/lib/libutee.a(tee_api_panic.o)
 .debug_info    0x0000000000004857       0x22 /home/avees/optee_os/out/arm/export-ta_arm64/lib/libutee.a(utee_syscalls_a64.o)
 .debug_info    0x0000000000004879      0xfd4 /home/avees/optee_os/out/arm/export-ta_arm64/lib/libutee.a(user_ta_entry.o)
 .debug_info    0x000000000000584d       0xee /home/avees/optee_os/out/arm/export-ta_arm64/lib/libutee.a(abort.o)
 .debug_info    0x000000000000593b      0xe54 /home/avees/optee_os/out/arm/export-ta_arm64/lib/libutee.a(tee_api.o)
 .debug_info    0x000000000000678f     0x21c5 /home/avees/optee_os/out/arm/export-ta_arm64/lib/libutee.a(tee_api_arith_mpi.o)
 .debug_info    0x0000000000008954      0xc16 /home/avees/optee_os/out/arm/export-ta_arm64/lib/libutee.a(tee_api_property.o)
 .debug_info    0x000000000000956a      0x555 /home/avees/optee_os/out/arm/export-ta_arm64/lib/libutee.a(tee_system_pta.o)
 .debug_info    0x0000000000009abf      0x68f /home/avees/optee_os/out/arm/export-ta_arm64/lib/libutee.a(tcb.o)
 .debug_info    0x000000000000a14e      0x154 /home/avees/optee_os/out/arm/export-ta_arm64/lib/libutee.a(assert.o)
 .debug_info    0x000000000000a2a2      0x2de /home/avees/optee_os/out/arm/export-ta_arm64/lib/libutee.a(base64.o)
 .debug_info    0x000000000000a580     0x262b /home/avees/optee_os/out/arm/export-ta_arm64/lib/libmbedtls.a(bignum.o)
 .debug_info    0x000000000000cbab      0x966 /home/avees/optee_os/out/arm/export-ta_arm64/lib/libmbedtls.a(constant_time.o)
 .debug_info    0x000000000000d511      0x126 /home/avees/optee_os/out/arm/export-ta_arm64/lib/libmbedtls.a(platform_util.o)
 .debug_info    0x000000000000d637     0x1696 /home/avees/optee_os/out/arm/export-ta_arm64/lib/libutils.a(bget_malloc.o)
 .debug_info    0x000000000000eccd      0x1c5 /home/avees/optee_os/out/arm/export-ta_arm64/lib/libutils.a(snprintf.o)
 .debug_info    0x000000000000ee92      0x111 /home/avees/optee_os/out/arm/export-ta_arm64/lib/libutils.a(memcpy.o)
 .debug_info    0x000000000000efa3      0x111 /home/avees/optee_os/out/arm/export-ta_arm64/lib/libutils.a(memmove.o)
 .debug_info    0x000000000000f0b4       0xfe /home/avees/optee_os/out/arm/export-ta_arm64/lib/libutils.a(memset.o)
 .debug_info    0x000000000000f1b2       0xc1 /home/avees/optee_os/out/arm/export-ta_arm64/lib/libutils.a(strcmp.o)
 .debug_info    0x000000000000f273      0x102 /home/avees/optee_os/out/arm/export-ta_arm64/lib/libutils.a(strlcpy.o)
 .debug_info    0x000000000000f375      0x392 /home/avees/optee_os/out/arm/export-ta_arm64/lib/libutils.a(mempool.o)
 .debug_info    0x000000000000f707      0x110 /home/avees/optee_os/out/arm/export-ta_arm64/lib/libutils.a(consttime_memcmp.o)

.debug_abbrev   0x0000000000000000     0x3031
 .debug_abbrev  0x0000000000000000      0x1c5 ./hello_world_ta.o
 .debug_abbrev  0x00000000000001c5      0x1a2 ./user_ta_header.o
 .debug_abbrev  0x0000000000000367       0x4e /home/avees/optee_os/out/arm/export-ta_arm64/lib/libutils.a(stack_check.o)
 .debug_abbrev  0x00000000000003b5      0x1af /home/avees/optee_os/out/arm/export-ta_arm64/lib/libutils.a(trace.o)
 .debug_abbrev  0x0000000000000564      0x1b6 /home/avees/optee_os/out/arm/export-ta_arm64/lib/libutils.a(snprintk.o)
 .debug_abbrev  0x000000000000071a       0xba /home/avees/optee_os/out/arm/export-ta_arm64/lib/libutils.a(memchr.o)
 .debug_abbrev  0x00000000000007d4       0x81 /home/avees/optee_os/out/arm/export-ta_arm64/lib/libutils.a(strlen.o)
 .debug_abbrev  0x0000000000000855      0x12e /home/avees/optee_os/out/arm/export-ta_arm64/lib/libutee.a(trace_ext.o)
 .debug_abbrev  0x0000000000000983      0x26d /home/avees/optee_os/out/arm/export-ta_arm64/lib/libutee.a(tee_api_objects.o)
 .debug_abbrev  0x0000000000000bf0      0x2ef /home/avees/optee_os/out/arm/export-ta_arm64/lib/libutee.a(tee_api_operations.o)
 .debug_abbrev  0x0000000000000edf      0x160 /home/avees/optee_os/out/arm/export-ta_arm64/lib/libutee.a(tee_api_panic.o)
 .debug_abbrev  0x000000000000103f       0x12 /home/avees/optee_os/out/arm/export-ta_arm64/lib/libutee.a(utee_syscalls_a64.o)
 .debug_abbrev  0x0000000000001051      0x330 /home/avees/optee_os/out/arm/export-ta_arm64/lib/libutee.a(user_ta_entry.o)
 .debug_abbrev  0x0000000000001381       0x93 /home/avees/optee_os/out/arm/export-ta_arm64/lib/libutee.a(abort.o)
 .debug_abbrev  0x0000000000001414      0x2ae /home/avees/optee_os/out/arm/export-ta_arm64/lib/libutee.a(tee_api.o)
 .debug_abbrev  0x00000000000016c2      0x313 /home/avees/optee_os/out/arm/export-ta_arm64/lib/libutee.a(tee_api_arith_mpi.o)
 .debug_abbrev  0x00000000000019d5      0x262 /home/avees/optee_os/out/arm/export-ta_arm64/lib/libutee.a(tee_api_property.o)
 .debug_abbrev  0x0000000000001c37      0x19d /home/avees/optee_os/out/arm/export-ta_arm64/lib/libutee.a(tee_system_pta.o)
 .debug_abbrev  0x0000000000001dd4      0x1fa /home/avees/optee_os/out/arm/export-ta_arm64/lib/libutee.a(tcb.o)
 .debug_abbrev  0x0000000000001fce       0xc0 /home/avees/optee_os/out/arm/export-ta_arm64/lib/libutee.a(assert.o)
 .debug_abbrev  0x000000000000208e      0x10d /home/avees/optee_os/out/arm/export-ta_arm64/lib/libutee.a(base64.o)
 .debug_abbrev  0x000000000000219b      0x2de /home/avees/optee_os/out/arm/export-ta_arm64/lib/libmbedtls.a(bignum.o)
 .debug_abbrev  0x0000000000002479      0x1ef /home/avees/optee_os/out/arm/export-ta_arm64/lib/libmbedtls.a(constant_time.o)
 .debug_abbrev  0x0000000000002668       0xc4 /home/avees/optee_os/out/arm/export-ta_arm64/lib/libmbedtls.a(platform_util.o)
 .debug_abbrev  0x000000000000272c      0x306 /home/avees/optee_os/out/arm/export-ta_arm64/lib/libutils.a(bget_malloc.o)
 .debug_abbrev  0x0000000000002a32      0x10e /home/avees/optee_os/out/arm/export-ta_arm64/lib/libutils.a(snprintf.o)
 .debug_abbrev  0x0000000000002b40       0x9e /home/avees/optee_os/out/arm/export-ta_arm64/lib/libutils.a(memcpy.o)
 .debug_abbrev  0x0000000000002bde       0x9e /home/avees/optee_os/out/arm/export-ta_arm64/lib/libutils.a(memmove.o)
 .debug_abbrev  0x0000000000002c7c       0x9d /home/avees/optee_os/out/arm/export-ta_arm64/lib/libutils.a(memset.o)
 .debug_abbrev  0x0000000000002d19       0x7d /home/avees/optee_os/out/arm/export-ta_arm64/lib/libutils.a(strcmp.o)
 .debug_abbrev  0x0000000000002d96       0x8c /home/avees/optee_os/out/arm/export-ta_arm64/lib/libutils.a(strlcpy.o)
 .debug_abbrev  0x0000000000002e22      0x177 /home/avees/optee_os/out/arm/export-ta_arm64/lib/libutils.a(mempool.o)
 .debug_abbrev  0x0000000000002f99       0x98 /home/avees/optee_os/out/arm/export-ta_arm64/lib/libutils.a(consttime_memcmp.o)

.debug_aranges  0x0000000000000000      0x9b0
 .debug_aranges
                0x0000000000000000       0x30 ./hello_world_ta.o
 .debug_aranges
                0x0000000000000030       0x30 ./user_ta_header.o
 .debug_aranges
                0x0000000000000060       0x30 /home/avees/optee_os/out/arm/export-ta_arm64/lib/libutils.a(stack_check.o)
 .debug_aranges
                0x0000000000000090       0x30 /home/avees/optee_os/out/arm/export-ta_arm64/lib/libutils.a(trace.o)
 .debug_aranges
                0x00000000000000c0       0x30 /home/avees/optee_os/out/arm/export-ta_arm64/lib/libutils.a(snprintk.o)
 .debug_aranges
                0x00000000000000f0       0x30 /home/avees/optee_os/out/arm/export-ta_arm64/lib/libutils.a(memchr.o)
 .debug_aranges
                0x0000000000000120       0x30 /home/avees/optee_os/out/arm/export-ta_arm64/lib/libutils.a(strlen.o)
 .debug_aranges
                0x0000000000000150       0x30 /home/avees/optee_os/out/arm/export-ta_arm64/lib/libutee.a(trace_ext.o)
 .debug_aranges
                0x0000000000000180       0x30 /home/avees/optee_os/out/arm/export-ta_arm64/lib/libutee.a(tee_api_objects.o)
 .debug_aranges
                0x00000000000001b0       0x30 /home/avees/optee_os/out/arm/export-ta_arm64/lib/libutee.a(tee_api_operations.o)
 .debug_aranges
                0x00000000000001e0       0x30 /home/avees/optee_os/out/arm/export-ta_arm64/lib/libutee.a(tee_api_panic.o)
 .debug_aranges
                0x0000000000000210      0x3b0 /home/avees/optee_os/out/arm/export-ta_arm64/lib/libutee.a(utee_syscalls_a64.o)
 .debug_aranges
                0x00000000000005c0       0x30 /home/avees/optee_os/out/arm/export-ta_arm64/lib/libutee.a(user_ta_entry.o)
 .debug_aranges
                0x00000000000005f0       0x30 /home/avees/optee_os/out/arm/export-ta_arm64/lib/libutee.a(abort.o)
 .debug_aranges
                0x0000000000000620       0x30 /home/avees/optee_os/out/arm/export-ta_arm64/lib/libutee.a(tee_api.o)
 .debug_aranges
                0x0000000000000650       0x30 /home/avees/optee_os/out/arm/export-ta_arm64/lib/libutee.a(tee_api_arith_mpi.o)
 .debug_aranges
                0x0000000000000680       0x30 /home/avees/optee_os/out/arm/export-ta_arm64/lib/libutee.a(tee_api_property.o)
 .debug_aranges
                0x00000000000006b0       0x30 /home/avees/optee_os/out/arm/export-ta_arm64/lib/libutee.a(tee_system_pta.o)
 .debug_aranges
                0x00000000000006e0       0x30 /home/avees/optee_os/out/arm/export-ta_arm64/lib/libutee.a(tcb.o)
 .debug_aranges
                0x0000000000000710       0x30 /home/avees/optee_os/out/arm/export-ta_arm64/lib/libutee.a(assert.o)
 .debug_aranges
                0x0000000000000740       0x30 /home/avees/optee_os/out/arm/export-ta_arm64/lib/libutee.a(base64.o)
 .debug_aranges
                0x0000000000000770       0x30 /home/avees/optee_os/out/arm/export-ta_arm64/lib/libmbedtls.a(bignum.o)
 .debug_aranges
                0x00000000000007a0       0x30 /home/avees/optee_os/out/arm/export-ta_arm64/lib/libmbedtls.a(constant_time.o)
 .debug_aranges
                0x00000000000007d0       0x30 /home/avees/optee_os/out/arm/export-ta_arm64/lib/libmbedtls.a(platform_util.o)
 .debug_aranges
                0x0000000000000800       0x30 /home/avees/optee_os/out/arm/export-ta_arm64/lib/libutils.a(bget_malloc.o)
 .debug_aranges
                0x0000000000000830       0x30 /home/avees/optee_os/out/arm/export-ta_arm64/lib/libutils.a(snprintf.o)
 .debug_aranges
                0x0000000000000860       0x30 /home/avees/optee_os/out/arm/export-ta_arm64/lib/libutils.a(memcpy.o)
 .debug_aranges
                0x0000000000000890       0x30 /home/avees/optee_os/out/arm/export-ta_arm64/lib/libutils.a(memmove.o)
 .debug_aranges
                0x00000000000008c0       0x30 /home/avees/optee_os/out/arm/export-ta_arm64/lib/libutils.a(memset.o)
 .debug_aranges
                0x00000000000008f0       0x30 /home/avees/optee_os/out/arm/export-ta_arm64/lib/libutils.a(strcmp.o)
 .debug_aranges
                0x0000000000000920       0x30 /home/avees/optee_os/out/arm/export-ta_arm64/lib/libutils.a(strlcpy.o)
 .debug_aranges
                0x0000000000000950       0x30 /home/avees/optee_os/out/arm/export-ta_arm64/lib/libutils.a(mempool.o)
 .debug_aranges
                0x0000000000000980       0x30 /home/avees/optee_os/out/arm/export-ta_arm64/lib/libutils.a(consttime_memcmp.o)

.debug_macro    0x0000000000000000    0x18c47
 .debug_macro   0x0000000000000000       0xf2 ./hello_world_ta.o
 .debug_macro   0x00000000000000f2      0x9a0 ./hello_world_ta.o
 .debug_macro   0x0000000000000a92      0x16d ./hello_world_ta.o
 .debug_macro   0x0000000000000bff      0x105 ./hello_world_ta.o
 .debug_macro   0x0000000000000d04      0xa2a ./hello_world_ta.o
 .debug_macro   0x000000000000172e       0x7c ./hello_world_ta.o
 .debug_macro   0x00000000000017aa      0x1a7 ./hello_world_ta.o
 .debug_macro   0x0000000000001951       0xc4 ./hello_world_ta.o
 .debug_macro   0x0000000000001a15       0x22 ./hello_world_ta.o
 .debug_macro   0x0000000000001a37       0x35 ./hello_world_ta.o
 .debug_macro   0x0000000000001a6c       0x58 ./hello_world_ta.o
 .debug_macro   0x0000000000001ac4       0x34 ./hello_world_ta.o
 .debug_macro   0x0000000000001af8       0x79 ./hello_world_ta.o
 .debug_macro   0x0000000000001b71       0x10 ./hello_world_ta.o
 .debug_macro   0x0000000000001b81       0xe8 ./hello_world_ta.o
 .debug_macro   0x0000000000001c69       0x16 ./hello_world_ta.o
 .debug_macro   0x0000000000001c7f       0x1c ./hello_world_ta.o
 .debug_macro   0x0000000000001c9b      0x157 ./user_ta_header.o
 .debug_macro   0x0000000000001df2      0x9a0 ./user_ta_header.o
 .debug_macro   0x0000000000002792       0x2e ./user_ta_header.o
 .debug_macro   0x00000000000027c0       0x33 ./user_ta_header.o
 .debug_macro   0x00000000000027f3       0xf0 ./user_ta_header.o
 .debug_macro   0x00000000000028e3       0x76 ./user_ta_header.o
 .debug_macro   0x0000000000002959       0x2e ./user_ta_header.o
 .debug_macro   0x0000000000002987       0x23 /home/avees/optee_os/out/arm/export-ta_arm64/lib/libutils.a(stack_check.o)
 .debug_macro   0x00000000000029aa      0x96a /home/avees/optee_os/out/arm/export-ta_arm64/lib/libutils.a(stack_check.o)
 .debug_macro   0x0000000000003314      0x532 /home/avees/optee_os/out/arm/export-ta_arm64/lib/libutils.a(stack_check.o)
 .debug_macro   0x0000000000003846      0x105 /home/avees/optee_os/out/arm/export-ta_arm64/lib/libutils.a(stack_check.o)
 .debug_macro   0x000000000000394b       0xd6 /home/avees/optee_os/out/arm/export-ta_arm64/lib/libutils.a(trace.o)
 .debug_macro   0x0000000000003a21      0x96a /home/avees/optee_os/out/arm/export-ta_arm64/lib/libutils.a(trace.o)
 .debug_macro   0x000000000000438b       0x79 /home/avees/optee_os/out/arm/export-ta_arm64/lib/libutils.a(trace.o)
 .debug_macro   0x0000000000004404       0xea /home/avees/optee_os/out/arm/export-ta_arm64/lib/libutils.a(trace.o)
 .debug_macro   0x00000000000044ee      0x13d /home/avees/optee_os/out/arm/export-ta_arm64/lib/libutils.a(snprintk.o)
 .debug_macro   0x000000000000462b      0x96a /home/avees/optee_os/out/arm/export-ta_arm64/lib/libutils.a(snprintk.o)
 .debug_macro   0x0000000000004f95       0x66 /home/avees/optee_os/out/arm/export-ta_arm64/lib/libutils.a(memchr.o)
 .debug_macro   0x0000000000004ffb      0x96a /home/avees/optee_os/out/arm/export-ta_arm64/lib/libutils.a(memchr.o)
 .debug_macro   0x0000000000005965       0x7c /home/avees/optee_os/out/arm/export-ta_arm64/lib/libutils.a(memchr.o)
 .debug_macro   0x00000000000059e1       0x5a /home/avees/optee_os/out/arm/export-ta_arm64/lib/libutils.a(strlen.o)
 .debug_macro   0x0000000000005a3b      0x96a /home/avees/optee_os/out/arm/export-ta_arm64/lib/libutils.a(strlen.o)
 .debug_macro   0x00000000000063a5       0xf1 /home/avees/optee_os/out/arm/export-ta_arm64/lib/libutee.a(trace_ext.o)
 .debug_macro   0x0000000000006496      0x96a /home/avees/optee_os/out/arm/export-ta_arm64/lib/libutee.a(trace_ext.o)
 .debug_macro   0x0000000000006e00      0x136 /home/avees/optee_os/out/arm/export-ta_arm64/lib/libutee.a(tee_api_objects.o)
 .debug_macro   0x0000000000006f36      0x96a /home/avees/optee_os/out/arm/export-ta_arm64/lib/libutee.a(tee_api_objects.o)
 .debug_macro   0x00000000000078a0      0x180 /home/avees/optee_os/out/arm/export-ta_arm64/lib/libutee.a(tee_api_operations.o)
 .debug_macro   0x0000000000007a20      0x96a /home/avees/optee_os/out/arm/export-ta_arm64/lib/libutee.a(tee_api_operations.o)
 .debug_macro   0x000000000000838a       0x28 /home/avees/optee_os/out/arm/export-ta_arm64/lib/libutee.a(tee_api_operations.o)
 .debug_macro   0x00000000000083b2      0x1fc /home/avees/optee_os/out/arm/export-ta_arm64/lib/libutee.a(tee_api_operations.o)
 .debug_macro   0x00000000000085ae      0x108 /home/avees/optee_os/out/arm/export-ta_arm64/lib/libutee.a(tee_api_panic.o)
 .debug_macro   0x00000000000086b6      0x96a /home/avees/optee_os/out/arm/export-ta_arm64/lib/libutee.a(tee_api_panic.o)
 .debug_macro   0x0000000000009020      0x1ee /home/avees/optee_os/out/arm/export-ta_arm64/lib/libutee.a(user_ta_entry.o)
 .debug_macro   0x000000000000920e      0x96a /home/avees/optee_os/out/arm/export-ta_arm64/lib/libutee.a(user_ta_entry.o)
 .debug_macro   0x0000000000009b78     0x15e6 /home/avees/optee_os/out/arm/export-ta_arm64/lib/libutee.a(user_ta_entry.o)
 .debug_macro   0x000000000000b15e       0x5f /home/avees/optee_os/out/arm/export-ta_arm64/lib/libutee.a(user_ta_entry.o)
 .debug_macro   0x000000000000b1bd       0x16 /home/avees/optee_os/out/arm/export-ta_arm64/lib/libutee.a(user_ta_entry.o)
 .debug_macro   0x000000000000b1d3       0x1c /home/avees/optee_os/out/arm/export-ta_arm64/lib/libutee.a(user_ta_entry.o)
 .debug_macro   0x000000000000b1ef      0x2e9 /home/avees/optee_os/out/arm/export-ta_arm64/lib/libutee.a(user_ta_entry.o)
 .debug_macro   0x000000000000b4d8       0x34 /home/avees/optee_os/out/arm/export-ta_arm64/lib/libutee.a(user_ta_entry.o)
 .debug_macro   0x000000000000b50c       0x7c /home/avees/optee_os/out/arm/export-ta_arm64/lib/libutee.a(user_ta_entry.o)
 .debug_macro   0x000000000000b588      0x11d /home/avees/optee_os/out/arm/export-ta_arm64/lib/libutee.a(abort.o)
 .debug_macro   0x000000000000b6a5      0x96a /home/avees/optee_os/out/arm/export-ta_arm64/lib/libutee.a(abort.o)
 .debug_macro   0x000000000000c00f      0x183 /home/avees/optee_os/out/arm/export-ta_arm64/lib/libutee.a(tee_api.o)
 .debug_macro   0x000000000000c192      0x96a /home/avees/optee_os/out/arm/export-ta_arm64/lib/libutee.a(tee_api.o)
 .debug_macro   0x000000000000cafc      0x1af /home/avees/optee_os/out/arm/export-ta_arm64/lib/libutee.a(tee_api_arith_mpi.o)
 .debug_macro   0x000000000000ccab      0x96a /home/avees/optee_os/out/arm/export-ta_arm64/lib/libutee.a(tee_api_arith_mpi.o)
 .debug_macro   0x000000000000d615      0x124 /home/avees/optee_os/out/arm/export-ta_arm64/lib/libutee.a(tee_api_arith_mpi.o)
 .debug_macro   0x000000000000d739       0x12 /home/avees/optee_os/out/arm/export-ta_arm64/lib/libutee.a(tee_api_arith_mpi.o)
 .debug_macro   0x000000000000d74b       0x79 /home/avees/optee_os/out/arm/export-ta_arm64/lib/libutee.a(tee_api_arith_mpi.o)
 .debug_macro   0x000000000000d7c4      0x1f6 /home/avees/optee_os/out/arm/export-ta_arm64/lib/libutee.a(tee_api_arith_mpi.o)
 .debug_macro   0x000000000000d9ba      0x1d7 /home/avees/optee_os/out/arm/export-ta_arm64/lib/libutee.a(tee_api_property.o)
 .debug_macro   0x000000000000db91      0x96a /home/avees/optee_os/out/arm/export-ta_arm64/lib/libutee.a(tee_api_property.o)
 .debug_macro   0x000000000000e4fb       0x3a /home/avees/optee_os/out/arm/export-ta_arm64/lib/libutee.a(tee_api_property.o)
 .debug_macro   0x000000000000e535      0x13b /home/avees/optee_os/out/arm/export-ta_arm64/lib/libutee.a(tee_system_pta.o)
 .debug_macro   0x000000000000e670      0x96a /home/avees/optee_os/out/arm/export-ta_arm64/lib/libutee.a(tee_system_pta.o)
 .debug_macro   0x000000000000efda       0x89 /home/avees/optee_os/out/arm/export-ta_arm64/lib/libutee.a(tee_system_pta.o)
 .debug_macro   0x000000000000f063      0x189 /home/avees/optee_os/out/arm/export-ta_arm64/lib/libutee.a(tcb.o)
 .debug_macro   0x000000000000f1ec      0x96a /home/avees/optee_os/out/arm/export-ta_arm64/lib/libutee.a(tcb.o)
 .debug_macro   0x000000000000fb56       0x10 /home/avees/optee_os/out/arm/export-ta_arm64/lib/libutee.a(tcb.o)
 .debug_macro   0x000000000000fb66      0x106 /home/avees/optee_os/out/arm/export-ta_arm64/lib/libutee.a(assert.o)
 .debug_macro   0x000000000000fc6c      0x96a /home/avees/optee_os/out/arm/export-ta_arm64/lib/libutee.a(assert.o)
 .debug_macro   0x00000000000105d6       0x48 /home/avees/optee_os/out/arm/export-ta_arm64/lib/libutee.a(base64.o)
 .debug_macro   0x000000000001061e      0x96a /home/avees/optee_os/out/arm/export-ta_arm64/lib/libutee.a(base64.o)
 .debug_macro   0x0000000000010f88      0x1d4 /home/avees/optee_os/out/arm/export-ta_arm64/lib/libmbedtls.a(bignum.o)
 .debug_macro   0x000000000001115c      0x96a /home/avees/optee_os/out/arm/export-ta_arm64/lib/libmbedtls.a(bignum.o)
 .debug_macro   0x0000000000011ac6       0x8b /home/avees/optee_os/out/arm/export-ta_arm64/lib/libmbedtls.a(bignum.o)
 .debug_macro   0x0000000000011b51       0x2b /home/avees/optee_os/out/arm/export-ta_arm64/lib/libmbedtls.a(bignum.o)
 .debug_macro   0x0000000000011b7c       0x41 /home/avees/optee_os/out/arm/export-ta_arm64/lib/libmbedtls.a(bignum.o)
 .debug_macro   0x0000000000011bbd       0x17 /home/avees/optee_os/out/arm/export-ta_arm64/lib/libmbedtls.a(bignum.o)
 .debug_macro   0x0000000000011bd4       0x10 /home/avees/optee_os/out/arm/export-ta_arm64/lib/libmbedtls.a(bignum.o)
 .debug_macro   0x0000000000011be4      0x113 /home/avees/optee_os/out/arm/export-ta_arm64/lib/libmbedtls.a(constant_time.o)
 .debug_macro   0x0000000000011cf7      0x96a /home/avees/optee_os/out/arm/export-ta_arm64/lib/libmbedtls.a(constant_time.o)
 .debug_macro   0x0000000000012661       0x3c /home/avees/optee_os/out/arm/export-ta_arm64/lib/libmbedtls.a(constant_time.o)
 .debug_macro   0x000000000001269d       0x70 /home/avees/optee_os/out/arm/export-ta_arm64/lib/libmbedtls.a(constant_time.o)
 .debug_macro   0x000000000001270d      0x14d /home/avees/optee_os/out/arm/export-ta_arm64/lib/libmbedtls.a(platform_util.o)
 .debug_macro   0x000000000001285a      0x96a /home/avees/optee_os/out/arm/export-ta_arm64/lib/libmbedtls.a(platform_util.o)
 .debug_macro   0x00000000000131c4       0x10 /home/avees/optee_os/out/arm/export-ta_arm64/lib/libmbedtls.a(platform_util.o)
 .debug_macro   0x00000000000131d4       0x7f /home/avees/optee_os/out/arm/export-ta_arm64/lib/libmbedtls.a(platform_util.o)
 .debug_macro   0x0000000000013253       0x16 /home/avees/optee_os/out/arm/export-ta_arm64/lib/libmbedtls.a(platform_util.o)
 .debug_macro   0x0000000000013269      0x174 /home/avees/optee_os/out/arm/export-ta_arm64/lib/libutils.a(bget_malloc.o)
 .debug_macro   0x00000000000133dd      0x96a /home/avees/optee_os/out/arm/export-ta_arm64/lib/libutils.a(bget_malloc.o)
 .debug_macro   0x0000000000013d47       0x10 /home/avees/optee_os/out/arm/export-ta_arm64/lib/libutils.a(bget_malloc.o)
 .debug_macro   0x0000000000013d57       0x3c /home/avees/optee_os/out/arm/export-ta_arm64/lib/libutils.a(bget_malloc.o)
 .debug_macro   0x0000000000013d93       0x4d /home/avees/optee_os/out/arm/export-ta_arm64/lib/libutils.a(snprintf.o)
 .debug_macro   0x0000000000013de0      0x96a /home/avees/optee_os/out/arm/export-ta_arm64/lib/libutils.a(snprintf.o)
 .debug_macro   0x000000000001474a       0x57 /home/avees/optee_os/out/arm/export-ta_arm64/lib/libutils.a(memcpy.o)
 .debug_macro   0x00000000000147a1      0x96a /home/avees/optee_os/out/arm/export-ta_arm64/lib/libutils.a(memcpy.o)
 .debug_macro   0x000000000001510b       0x64 /home/avees/optee_os/out/arm/export-ta_arm64/lib/libutils.a(memmove.o)
 .debug_macro   0x000000000001516f      0x96a /home/avees/optee_os/out/arm/export-ta_arm64/lib/libutils.a(memmove.o)
 .debug_macro   0x0000000000015ad9       0x51 /home/avees/optee_os/out/arm/export-ta_arm64/lib/libutils.a(memset.o)
 .debug_macro   0x0000000000015b2a      0x96a /home/avees/optee_os/out/arm/export-ta_arm64/lib/libutils.a(memset.o)
 .debug_macro   0x0000000000016494       0x54 /home/avees/optee_os/out/arm/export-ta_arm64/lib/libutils.a(strcmp.o)
 .debug_macro   0x00000000000164e8      0x96a /home/avees/optee_os/out/arm/export-ta_arm64/lib/libutils.a(strcmp.o)
 .debug_macro   0x0000000000016e52       0x8b /home/avees/optee_os/out/arm/export-ta_arm64/lib/libutils.a(strlcpy.o)
 .debug_macro   0x0000000000016edd      0x96a /home/avees/optee_os/out/arm/export-ta_arm64/lib/libutils.a(strlcpy.o)
 .debug_macro   0x0000000000017847       0xed /home/avees/optee_os/out/arm/export-ta_arm64/lib/libutils.a(mempool.o)
 .debug_macro   0x0000000000017934      0x96a /home/avees/optee_os/out/arm/export-ta_arm64/lib/libutils.a(mempool.o)
 .debug_macro   0x000000000001829e       0x3f /home/avees/optee_os/out/arm/export-ta_arm64/lib/libutils.a(consttime_memcmp.o)
 .debug_macro   0x00000000000182dd      0x96a /home/avees/optee_os/out/arm/export-ta_arm64/lib/libutils.a(consttime_memcmp.o)

.debug_line     0x0000000000000000     0xaf99
 .debug_line    0x0000000000000000      0x323 ./hello_world_ta.o
 .debug_line    0x0000000000000323      0x287 ./user_ta_header.o
 .debug_line    0x00000000000005aa       0xa9 /home/avees/optee_os/out/arm/export-ta_arm64/lib/libutils.a(stack_check.o)
 .debug_line    0x0000000000000653      0x2c1 /home/avees/optee_os/out/arm/export-ta_arm64/lib/libutils.a(trace.o)
 .debug_line    0x0000000000000914      0x7ca /home/avees/optee_os/out/arm/export-ta_arm64/lib/libutils.a(snprintk.o)
 .debug_line    0x00000000000010de      0x1b0 /home/avees/optee_os/out/arm/export-ta_arm64/lib/libutils.a(memchr.o)
 .debug_line    0x000000000000128e      0x153 /home/avees/optee_os/out/arm/export-ta_arm64/lib/libutils.a(strlen.o)
 .debug_line    0x00000000000013e1      0x26c /home/avees/optee_os/out/arm/export-ta_arm64/lib/libutee.a(trace_ext.o)
 .debug_line    0x000000000000164d      0x7e5 /home/avees/optee_os/out/arm/export-ta_arm64/lib/libutee.a(tee_api_objects.o)
 .debug_line    0x0000000000001e32     0x1565 /home/avees/optee_os/out/arm/export-ta_arm64/lib/libutee.a(tee_api_operations.o)
 .debug_line    0x0000000000003397      0x26f /home/avees/optee_os/out/arm/export-ta_arm64/lib/libutee.a(tee_api_panic.o)
 .debug_line    0x0000000000003606      0x528 /home/avees/optee_os/out/arm/export-ta_arm64/lib/libutee.a(utee_syscalls_a64.o)
 .debug_line    0x0000000000003b2e      0x7cb /home/avees/optee_os/out/arm/export-ta_arm64/lib/libutee.a(user_ta_entry.o)
 .debug_line    0x00000000000042f9      0x1f6 /home/avees/optee_os/out/arm/export-ta_arm64/lib/libutee.a(abort.o)
 .debug_line    0x00000000000044ef      0x64d /home/avees/optee_os/out/arm/export-ta_arm64/lib/libutee.a(tee_api.o)
 .debug_line    0x0000000000004b3c      0xa25 /home/avees/optee_os/out/arm/export-ta_arm64/lib/libutee.a(tee_api_arith_mpi.o)
 .debug_line    0x0000000000005561      0x7c0 /home/avees/optee_os/out/arm/export-ta_arm64/lib/libutee.a(tee_api_property.o)
 .debug_line    0x0000000000005d21      0x359 /home/avees/optee_os/out/arm/export-ta_arm64/lib/libutee.a(tee_system_pta.o)
 .debug_line    0x000000000000607a      0x445 /home/avees/optee_os/out/arm/export-ta_arm64/lib/libutee.a(tcb.o)
 .debug_line    0x00000000000064bf      0x23d /home/avees/optee_os/out/arm/export-ta_arm64/lib/libutee.a(assert.o)
 .debug_line    0x00000000000066fc      0x30e /home/avees/optee_os/out/arm/export-ta_arm64/lib/libutee.a(base64.o)
 .debug_line    0x0000000000006a0a     0x23ca /home/avees/optee_os/out/arm/export-ta_arm64/lib/libmbedtls.a(bignum.o)
 .debug_line    0x0000000000008dd4      0x831 /home/avees/optee_os/out/arm/export-ta_arm64/lib/libmbedtls.a(constant_time.o)
 .debug_line    0x0000000000009605      0x26c /home/avees/optee_os/out/arm/export-ta_arm64/lib/libmbedtls.a(platform_util.o)
 .debug_line    0x0000000000009871      0x97c /home/avees/optee_os/out/arm/export-ta_arm64/lib/libutils.a(bget_malloc.o)
 .debug_line    0x000000000000a1ed      0x133 /home/avees/optee_os/out/arm/export-ta_arm64/lib/libutils.a(snprintf.o)
 .debug_line    0x000000000000a320      0x193 /home/avees/optee_os/out/arm/export-ta_arm64/lib/libutils.a(memcpy.o)
 .debug_line    0x000000000000a4b3      0x1ce /home/avees/optee_os/out/arm/export-ta_arm64/lib/libutils.a(memmove.o)
 .debug_line    0x000000000000a681      0x1b2 /home/avees/optee_os/out/arm/export-ta_arm64/lib/libutils.a(memset.o)
 .debug_line    0x000000000000a833      0x174 /home/avees/optee_os/out/arm/export-ta_arm64/lib/libutils.a(strcmp.o)
 .debug_line    0x000000000000a9a7      0x1b8 /home/avees/optee_os/out/arm/export-ta_arm64/lib/libutils.a(strlcpy.o)
 .debug_line    0x000000000000ab5f      0x26c /home/avees/optee_os/out/arm/export-ta_arm64/lib/libutils.a(mempool.o)
 .debug_line    0x000000000000adcb      0x1ce /home/avees/optee_os/out/arm/export-ta_arm64/lib/libutils.a(consttime_memcmp.o)

.debug_str      0x0000000000000000    0x19ebd
 .debug_str     0x0000000000000000     0x8a3d ./hello_world_ta.o
                                       0x8bf4 (size before relaxing)
 .debug_str     0x0000000000008a3d     0x1253 ./user_ta_header.o
                                       0x9b6a (size before relaxing)
 .debug_str     0x0000000000009c90     0x131c /home/avees/optee_os/out/arm/export-ta_arm64/lib/libutils.a(stack_check.o)
                                       0x4727 (size before relaxing)
 .debug_str     0x000000000000afac      0x1c3 /home/avees/optee_os/out/arm/export-ta_arm64/lib/libutils.a(trace.o)
                                       0x64c3 (size before relaxing)
 .debug_str     0x000000000000b16f      0x5bb /home/avees/optee_os/out/arm/export-ta_arm64/lib/libutils.a(snprintk.o)
                                       0x599c (size before relaxing)
 .debug_str     0x000000000000b72a      0x2d3 /home/avees/optee_os/out/arm/export-ta_arm64/lib/libutils.a(memchr.o)
                                       0x476f (size before relaxing)
 .debug_str     0x000000000000b9fd       0x8e /home/avees/optee_os/out/arm/export-ta_arm64/lib/libutils.a(strlen.o)
                                       0x470f (size before relaxing)
 .debug_str     0x000000000000ba8b       0x83 /home/avees/optee_os/out/arm/export-ta_arm64/lib/libutee.a(trace_ext.o)
                                       0x9d6b (size before relaxing)
 .debug_str     0x000000000000bb0e      0x59d /home/avees/optee_os/out/arm/export-ta_arm64/lib/libutee.a(tee_api_objects.o)
                                       0x9b88 (size before relaxing)
 .debug_str     0x000000000000c0ab     0x1497 /home/avees/optee_os/out/arm/export-ta_arm64/lib/libutee.a(tee_api_operations.o)
                                       0xbb4e (size before relaxing)
 .debug_str     0x000000000000d542      0x1ee /home/avees/optee_os/out/arm/export-ta_arm64/lib/libutee.a(tee_api_panic.o)
                                       0x9fd8 (size before relaxing)
 .debug_str     0x000000000000d730       0x35 /home/avees/optee_os/out/arm/export-ta_arm64/lib/libutee.a(utee_syscalls_a64.o)
                                         0x51 (size before relaxing)
 .debug_str     0x000000000000d765     0x78d0 /home/avees/optee_os/out/arm/export-ta_arm64/lib/libutee.a(user_ta_entry.o)
                                      0x12346 (size before relaxing)
 .debug_str     0x0000000000015035       0x3a /home/avees/optee_os/out/arm/export-ta_arm64/lib/libutee.a(abort.o)
                                       0x9536 (size before relaxing)
 .debug_str     0x000000000001506f      0x3c0 /home/avees/optee_os/out/arm/export-ta_arm64/lib/libutee.a(tee_api.o)
                                       0xad60 (size before relaxing)
 .debug_str     0x000000000001542f      0xd99 /home/avees/optee_os/out/arm/export-ta_arm64/lib/libutee.a(tee_api_arith_mpi.o)
                                       0xbfc0 (size before relaxing)
 .debug_str     0x00000000000161c8      0x438 /home/avees/optee_os/out/arm/export-ta_arm64/lib/libutee.a(tee_api_property.o)
                                       0xae6c (size before relaxing)
 .debug_str     0x0000000000016600      0x373 /home/avees/optee_os/out/arm/export-ta_arm64/lib/libutee.a(tee_system_pta.o)
                                       0xa7ec (size before relaxing)
 .debug_str     0x0000000000016973      0x28b /home/avees/optee_os/out/arm/export-ta_arm64/lib/libutee.a(tcb.o)
                                      0x11989 (size before relaxing)
 .debug_str     0x0000000000016bfe       0x5a /home/avees/optee_os/out/arm/export-ta_arm64/lib/libutee.a(assert.o)
                                       0x9a75 (size before relaxing)
 .debug_str     0x0000000000016c58       0x7d /home/avees/optee_os/out/arm/export-ta_arm64/lib/libutee.a(base64.o)
                                       0x4a9b (size before relaxing)
 .debug_str     0x0000000000016cd5     0x1c12 /home/avees/optee_os/out/arm/export-ta_arm64/lib/libmbedtls.a(bignum.o)
                                       0x859d (size before relaxing)
 .debug_str     0x00000000000188e7      0x6a3 /home/avees/optee_os/out/arm/export-ta_arm64/lib/libmbedtls.a(constant_time.o)
                                       0x6a06 (size before relaxing)
 .debug_str     0x0000000000018f8a      0x410 /home/avees/optee_os/out/arm/export-ta_arm64/lib/libmbedtls.a(platform_util.o)
                                       0x701f (size before relaxing)
 .debug_str     0x000000000001939a      0x64f /home/avees/optee_os/out/arm/export-ta_arm64/lib/libutils.a(bget_malloc.o)
                                       0x6e9d (size before relaxing)